Archive member included because of file (symbol)

C:\Program Files (x86)\VEX Robotics\VEXcode Pro V5\sdk/vexv5\libv5rt.a(v5_startup.c.obj)
                              (vexStartup)
C:\Program Files (x86)\VEX Robotics\VEXcode Pro V5\sdk/vexv5\libv5rt.a(v5_util.c.obj)
                              C:\Program Files (x86)\VEX Robotics\VEXcode Pro V5\sdk/vexv5\libv5rt.a(v5_startup.c.obj) (vexStdlibVersionLinked)
C:\Program Files (x86)\VEX Robotics\VEXcode Pro V5\sdk/vexv5\libv5rt.a(v5_apijump.c.obj)
                              C:\Program Files (x86)\VEX Robotics\VEXcode Pro V5\sdk/vexv5\libv5rt.a(v5_startup.c.obj) (vexPrivateApiEnable)
C:\Program Files (x86)\VEX Robotics\VEXcode Pro V5\sdk/vexv5\libv5rt.a(v5_apiversions.c.obj)
                              C:\Program Files (x86)\VEX Robotics\VEXcode Pro V5\sdk/vexv5\libv5rt.a(v5_apijump.c.obj) (vexSystemVersion)
C:\Program Files (x86)\VEX Robotics\VEXcode Pro V5\sdk/vexv5\libv5rt.a(vex_global.cpp.obj)
                              build/src/main.o (vex::wait(double, vex::timeUnits))
C:\Program Files (x86)\VEX Robotics\VEXcode Pro V5\sdk/vexv5\libv5rt.a(vex_motor.cpp.obj)
                              build/src/robot-config.o (vex::motor::~motor())
C:\Program Files (x86)\VEX Robotics\VEXcode Pro V5\sdk/vexv5\libv5rt.a(vex_controller.cpp.obj)
                              build/src/robot-config.o (vex::controller::~controller())
C:\Program Files (x86)\VEX Robotics\VEXcode Pro V5\sdk/vexv5\libv5rt.a(vex_task.cpp.obj)
                              build/src/controls.o (vex::task::task(int (*)()))
C:\Program Files (x86)\VEX Robotics\VEXcode Pro V5\sdk/vexv5\libv5rt.a(vex_thread.cpp.obj)
                              C:\Program Files (x86)\VEX Robotics\VEXcode Pro V5\sdk/vexv5\libv5rt.a(vex_global.cpp.obj) (vex::this_thread::sleep_for(unsigned long))
C:\Program Files (x86)\VEX Robotics\VEXcode Pro V5\sdk/vexv5\libv5rt.a(vex_event.cpp.obj)
                              C:\Program Files (x86)\VEX Robotics\VEXcode Pro V5\sdk/vexv5\libv5rt.a(vex_controller.cpp.obj) (vex::event::init(unsigned long, unsigned long, void (*)()))
C:\Program Files (x86)\VEX Robotics\VEXcode Pro V5\sdk/vexv5\libv5rt.a(vex_mevent.cpp.obj)
                              C:\Program Files (x86)\VEX Robotics\VEXcode Pro V5\sdk/vexv5\libv5rt.a(vex_controller.cpp.obj) (vex::mevent::mevent(unsigned long, unsigned long))
C:\Program Files (x86)\VEX Robotics\VEXcode Pro V5\sdk/vexv5\libv5rt.a(vex_brain.cpp.obj)
                              build/src/robot-config.o (vex::brain::brain())
C:\Program Files (x86)\VEX Robotics\VEXcode Pro V5\sdk/vexv5\libv5rt.a(vex_competition.cpp.obj)
                              build/src/main.o (vex::competition::competition())
C:\Program Files (x86)\VEX Robotics\VEXcode Pro V5\sdk/vexv5\libv5rt.a(vex_triport.cpp.obj)
                              C:\Program Files (x86)\VEX Robotics\VEXcode Pro V5\sdk/vexv5\libv5rt.a(vex_brain.cpp.obj) (vex::triport::~triport())
C:\Program Files (x86)\VEX Robotics\VEXcode Pro V5\sdk/vexv5\libv5rt.a(vex_color.cpp.obj)
                              C:\Program Files (x86)\VEX Robotics\VEXcode Pro V5\sdk/vexv5\libv5rt.a(vex_brain.cpp.obj) (vex::color::operator unsigned long() const)
C:\Program Files (x86)\VEX Robotics\VEXcode Pro V5\sdk/vexv5\libv5rt.a(vex_timer.cpp.obj)
                              build/src/VEXmath.o (vex::timer::~timer())
C:\Program Files (x86)\VEX Robotics\VEXcode Pro V5\sdk/vexv5\libv5rt.a(vex_motorgroup.cpp.obj)
                              build/src/robot-config.o (vex::motor_group::motor_group())
C:\Program Files (x86)\VEX Robotics\VEXcode Pro V5\sdk/vexv5\libv5rt.a(vex_drivetrain.cpp.obj)
                              build/src/robot-config.o (vex::drivetrain::~drivetrain())
C:\Program Files (x86)\VEX Robotics\VEXcode Pro V5\sdk/vexv5\libv5rt.a(v5_apiuser.c.obj)
                              C:\Program Files (x86)\VEX Robotics\VEXcode Pro V5\sdk/vexv5\libv5rt.a(vex_triport.cpp.obj) (vexAdiPortConfigSet)
C:\Program Files (x86)\VEX Robotics\VEXcode Pro V5\sdk/vexv5\libv5rt.a(vex_device.cpp.obj)
                              C:\Program Files (x86)\VEX Robotics\VEXcode Pro V5\sdk/vexv5\libv5rt.a(vex_motor.cpp.obj) (vex::device::~device())
C:\Program Files (x86)\VEX Robotics\VEXcode Pro V5\sdk/vexv5/gcc/libs\libc.a(lib_a-fini.o)
                              C:\Program Files (x86)\VEX Robotics\VEXcode Pro V5\sdk/vexv5\libv5rt.a(v5_startup.c.obj) (__libc_fini_array)
C:\Program Files (x86)\VEX Robotics\VEXcode Pro V5\sdk/vexv5/gcc/libs\libc.a(lib_a-impure.o)
                              C:\Program Files (x86)\VEX Robotics\VEXcode Pro V5\sdk/vexv5\libv5rt.a(v5_startup.c.obj) (_impure_ptr)
C:\Program Files (x86)\VEX Robotics\VEXcode Pro V5\sdk/vexv5/gcc/libs\libc.a(lib_a-init.o)
                              C:\Program Files (x86)\VEX Robotics\VEXcode Pro V5\sdk/vexv5\libv5rt.a(v5_startup.c.obj) (__libc_init_array)
C:\Program Files (x86)\VEX Robotics\VEXcode Pro V5\sdk/vexv5/gcc/libs\libc.a(lib_a-memcpy.o)
[...]
Memory Configuration

Name             Origin             Length             Attributes
ps7_ddr_0_S_AXI_BASEADDR 0x03800000         0x04800000
*default*        0x00000000         0xffffffff

Linker script and memory map

                0x00002000                _STACK_SIZE = DEFINED (_STACK_SIZE)?_STACK_SIZE:0x2000
                0x00100000                _HEAP_SIZE = DEFINED (_HEAP_SIZE)?_HEAP_SIZE:0x100000
                0x00000400                _ABORT_STACK_SIZE = DEFINED (_ABORT_STACK_SIZE)?_ABORT_STACK_SIZE:0x400
                0x00000800                _SUPERVISOR_STACK_SIZE = DEFINED (_SUPERVISOR_STACK_SIZE)?_SUPERVISOR_STACK_SIZE:0x800
                0x00000400                _IRQ_STACK_SIZE = DEFINED (_IRQ_STACK_SIZE)?_IRQ_STACK_SIZE:0x400
                0x00000400                _FIQ_STACK_SIZE = DEFINED (_FIQ_STACK_SIZE)?_FIQ_STACK_SIZE:0x400
                0x00000400                _UNDEF_STACK_SIZE = DEFINED (_UNDEF_STACK_SIZE)?_UNDEF_STACK_SIZE:0x400

.text           0x03800000     0x5558
 *(.vectors)
 *(.boot_data)
 .boot_data     0x03800000       0x20 C:\Program Files (x86)\VEX Robotics\VEXcode Pro V5\sdk/vexv5\libv5rt.a(v5_startup.c.obj)
                0x03800000                vexCodeSig
                0x00000020                . = 0x20
 *(.boot)
 .boot          0x03800020       0xbc C:\Program Files (x86)\VEX Robotics\VEXcode Pro V5\sdk/vexv5\libv5rt.a(v5_startup.c.obj)
                0x03800020                vexStartup
                0x03800100                . = ALIGN (0x40)
 *fill*         0x038000dc       0x24 
 *(.freertos_vectors)
 *(.text)
 *(.text.*)
 .text._Z10autonomousv
                0x03800100       0x28 build/src/main.o
                0x03800100                autonomous()
 .text._Z11usercontrolv
                0x03800128       0x4c build/src/main.o
                0x03800128                usercontrol()
 *fill*         0x03800174        0x4 
 .text.main     0x03800178       0x68 build/src/main.o
                0x03800178                main
 .text._GLOBAL__sub_I_main.cpp
                0x038001e0       0x34 build/src/main.o
 *fill*         0x03800214        0x4 
 .text._Z14adjusted_anglef
                0x03800218       0x40 build/src/VEXmath.o
                0x03800218                adjusted_angle(float)
 .text._Z17inches_to_degreesd
                0x03800258       0x38 build/src/VEXmath.o
                0x03800258                inches_to_degrees(double)
 .text._Z17degrees_to_inchesd
                0x03800290       0x30 build/src/VEXmath.o
                0x03800290                degrees_to_inches(double)
 .text._Z10checkTimeri
                0x038002c0       0x60 build/src/VEXmath.o
                0x038002c0                checkTimer(int)
 .text._GLOBAL__sub_I_VEXmath.cpp
                0x03800320       0x90 build/src/VEXmath.o
 .text._Z8drivePIDfdd
                0x038003b0      0x45c build/src/auto.o
                0x038003b0                drivePID(float, double, double)
 .text._ZN3vex10controller3lcd5printIfEEvT_
                0x0380080c       0x3c build/src/auto.o
                0x0380080c                void vex::controller::lcd::print<float>(float)
 .text._Z13ultraSonicPIDv
                0x03800848      0x2b8 build/src/auto.o
                0x03800848                ultraSonicPID()
 .text._Z9lift_autof
                0x03800b00       0xd0 build/src/auto.o
                0x03800b00                lift_auto(float)
 .text._Z8routine0v
                0x03800bd0      0x250 build/src/auto.o
                0x03800bd0                routine0()
 .text._Z8grabGoalv
                0x03800e20       0x68 build/src/auto.o
                0x03800e20                grabGoal()
 .text._Z12intake_ringsv
                0x03800e88      0x128 build/src/auto.o
                0x03800e88                intake_rings()
 .text._Z12auto_routinev
                0x03800fb0       0x3c build/src/auto.o
                0x03800fb0                auto_routine()
 .text._Z15distance_sensorv
                0x03800fec       0x48 build/src/controls.o
                0x03800fec                distance_sensor()
 .text._Z13_arcadeDrive_v
                0x03801034      0x188 build/src/controls.o
                0x03801034                _arcadeDrive_()
 *fill*         0x038011bc        0x4 
 .text._Z13_reverseSLOW_v
                0x038011c0       0xe0 build/src/controls.o
                0x038011c0                _reverseSLOW_()
 .text._Z8_intake_v
                0x038012a0       0xa0 build/src/controls.o
                0x038012a0                _intake_()
 .text._Z12_intakeSLOW_v
                0x03801340      0x100 build/src/controls.o
                0x03801340                _intakeSLOW_()
 .text._Z18_intake_increment_v
                0x03801440       0x5c build/src/controls.o
                0x03801440                _intake_increment_()
 .text._Z11intake_initv
                0x0380149c       0x54 build/src/controls.o
                0x0380149c                intake_init()
 .text._Z9_armLift_v
                0x038014f0      0x2a8 build/src/controls.o
                0x038014f0                _armLift_()
 .text._Z14init_callbacksv
                0x03801798       0x38 build/src/controls.o
                0x03801798                init_callbacks()
 .text._Z12task_managerv
                0x038017d0       0x5c build/src/controls.o
                0x038017d0                task_manager()
 .text._Z15resetDrivetrainv
                0x0380182c       0x24 build/src/robot-config.o
                0x0380182c                resetDrivetrain()
 .text._Z11vexcodeInitv
                0x03801850       0xac build/src/robot-config.o
                0x03801850                vexcodeInit()
 .text._GLOBAL__sub_I_robot_config.cpp
                0x038018fc      0x488 build/src/robot-config.o
 .text._Z8PIDwritedddiffff
                0x03801d84      0x1e8 build/src/fileManager.o
                0x03801d84                PIDwrite(double, double, double, int, float, float, float, float)
 .text._GLOBAL__sub_I_fileManager.cpp
                0x03801f6c       0x5c build/src/fileManager.o
 .text.vexMain  0x03801fc8       0xb0 C:\Program Files (x86)\VEX Robotics\VEXcode Pro V5\sdk/vexv5\libv5rt.a(v5_startup.c.obj)
                0x03801fc8                vexMain
 .text.__vex_function_prolog
                0x03802078       0x18 C:\Program Files (x86)\VEX Robotics\VEXcode Pro V5\sdk/vexv5\libv5rt.a(v5_startup.c.obj)
                0x03802078                __vex_function_prolog
 .text._init    0x03802090        0x4 C:\Program Files (x86)\VEX Robotics\VEXcode Pro V5\sdk/vexv5\libv5rt.a(v5_startup.c.obj)
                0x03802090                _init
 .text._fini    0x03802094        0x4 C:\Program Files (x86)\VEX Robotics\VEXcode Pro V5\sdk/vexv5\libv5rt.a(v5_startup.c.obj)
                0x03802094                _fini
 .text.vexStdlibVersionLinked
                0x03802098        0xc C:\Program Files (x86)\VEX Robotics\VEXcode Pro V5\sdk/vexv5\libv5rt.a(v5_util.c.obj)
                0x03802098                vexStdlibVersionLinked
 .text.vexStdlibVersionVerify
                0x038020a4       0x30 C:\Program Files (x86)\VEX Robotics\VEXcode Pro V5\sdk/vexv5\libv5rt.a(v5_util.c.obj)
                0x038020a4                vexStdlibVersionVerify
 .text.vexPrivateApiEnable
                0x038020d4       0x10 C:\Program Files (x86)\VEX Robotics\VEXcode Pro V5\sdk/vexv5\libv5rt.a(v5_apijump.c.obj)
                0x038020d4                vexPrivateApiEnable
 .text.vexStdlibMismatchError
                0x038020e4       0x3c C:\Program Files (x86)\VEX Robotics\VEXcode Pro V5\sdk/vexv5\libv5rt.a(v5_apijump.c.obj)
                0x038020e4                vexStdlibMismatchError
 .text.vexTaskAdd
                0x03802120       0x10 C:\Program Files (x86)\VEX Robotics\VEXcode Pro V5\sdk/vexv5\libv5rt.a(v5_apijump.c.obj)
                0x03802120                vexTaskAdd
 .text.vexTasksRun
                0x03802130       0x10 C:\Program Files (x86)\VEX Robotics\VEXcode Pro V5\sdk/vexv5\libv5rt.a(v5_apijump.c.obj)
                0x03802130                vexTasksRun
 .text.vexTaskYield
                0x03802140       0x10 C:\Program Files (x86)\VEX Robotics\VEXcode Pro V5\sdk/vexv5\libv5rt.a(v5_apijump.c.obj)
                0x03802140                vexTaskYield
 .text.vexTaskCheckTimeslice
                0x03802150       0x10 C:\Program Files (x86)\VEX Robotics\VEXcode Pro V5\sdk/vexv5\libv5rt.a(v5_apijump.c.obj)
                0x03802150                vexTaskCheckTimeslice
 .text.vexTaskSleep
                0x03802160       0x10 C:\Program Files (x86)\VEX Robotics\VEXcode Pro V5\sdk/vexv5\libv5rt.a(v5_apijump.c.obj)
                0x03802160                vexTaskSleep
 .text.vexTasksDump
                0x03802170       0x1c C:\Program Files (x86)\VEX Robotics\VEXcode Pro V5\sdk/vexv5\libv5rt.a(v5_apijump.c.obj)
                0x03802170                vexTasksDump
 .text.vexTaskGetTaskIndex
                0x0380218c       0x10 C:\Program Files (x86)\VEX Robotics\VEXcode Pro V5\sdk/vexv5\libv5rt.a(v5_apijump.c.obj)
                0x0380218c                vexTaskGetTaskIndex
 .text.vexTaskStopAll
                0x0380219c       0x10 C:\Program Files (x86)\VEX Robotics\VEXcode Pro V5\sdk/vexv5\libv5rt.a(v5_apijump.c.obj)
                0x0380219c                vexTaskStopAll
 .text.vexTaskRemoveAllUser
                0x038021ac       0x34 C:\Program Files (x86)\VEX Robotics\VEXcode Pro V5\sdk/vexv5\libv5rt.a(v5_apijump.c.obj)
                0x038021ac                vexTaskRemoveAllUser
 .text.vexTaskCompletionIdSet
                0x038021e0       0x10 C:\Program Files (x86)\VEX Robotics\VEXcode Pro V5\sdk/vexv5\libv5rt.a(v5_apijump.c.obj)
                0x038021e0                vexTaskCompletionIdSet
 .text.vexTaskStopWithId
                0x038021f0       0x10 C:\Program Files (x86)\VEX Robotics\VEXcode Pro V5\sdk/vexv5\libv5rt.a(v5_apijump.c.obj)
                0x038021f0                vexTaskStopWithId
 .text.vexCriticalSection
                0x03802200       0x2c C:\Program Files (x86)\VEX Robotics\VEXcode Pro V5\sdk/vexv5\libv5rt.a(v5_apijump.c.obj)
                0x03802200                vexCriticalSection
 .text.vexEventAdd
                0x0380222c       0x34 C:\Program Files (x86)\VEX Robotics\VEXcode Pro V5\sdk/vexv5\libv5rt.a(v5_apijump.c.obj)
                0x0380222c                vexEventAdd
 .text.vexEventUserIndexGet
                0x03802260       0x1c C:\Program Files (x86)\VEX Robotics\VEXcode Pro V5\sdk/vexv5\libv5rt.a(v5_apijump.c.obj)
                0x03802260                vexEventUserIndexGet
 .text.vexEventAddWithArg
                0x0380227c       0x3c C:\Program Files (x86)\VEX Robotics\VEXcode Pro V5\sdk/vexv5\libv5rt.a(v5_apijump.c.obj)
                0x0380227c                vexEventAddWithArg
 .text.vexEventsCleanup
                0x038022b8       0x2c C:\Program Files (x86)\VEX Robotics\VEXcode Pro V5\sdk/vexv5\libv5rt.a(v5_apijump.c.obj)
                0x038022b8                vexEventsCleanup
 .text.vexDebug
                0x038022e4       0x38 C:\Program Files (x86)\VEX Robotics\VEXcode Pro V5\sdk/vexv5\libv5rt.a(v5_apijump.c.obj)
                0x038022e4                vexDebug
 .text.vex_sprintf
                0x0380231c       0x40 C:\Program Files (x86)\VEX Robotics\VEXcode Pro V5\sdk/vexv5\libv5rt.a(v5_apijump.c.obj)
                0x0380231c                vex_sprintf
 .text.vex_vsnprintf
                0x0380235c       0x3c C:\Program Files (x86)\VEX Robotics\VEXcode Pro V5\sdk/vexv5\libv5rt.a(v5_apijump.c.obj)
                0x0380235c                vex_vsnprintf
 .text.vexSystemTimeGet
                0x03802398       0x1c C:\Program Files (x86)\VEX Robotics\VEXcode Pro V5\sdk/vexv5\libv5rt.a(v5_apijump.c.obj)
                0x03802398                vexSystemTimeGet
 .text.vexSystemExitRequest
                0x038023b4       0x1c C:\Program Files (x86)\VEX Robotics\VEXcode Pro V5\sdk/vexv5\libv5rt.a(v5_apijump.c.obj)
                0x038023b4                vexSystemExitRequest
 .text.vexDeviceGetByIndex
                0x038023d0       0x24 C:\Program Files (x86)\VEX Robotics\VEXcode Pro V5\sdk/vexv5\libv5rt.a(v5_apijump.c.obj)
                0x038023d0                vexDeviceGetByIndex
 .text.vexControllerGet
                0x038023f4       0x2c C:\Program Files (x86)\VEX Robotics\VEXcode Pro V5\sdk/vexv5\libv5rt.a(v5_apijump.c.obj)
                0x038023f4                vexControllerGet
 .text.vexControllerTextSet
                0x03802420       0x74 C:\Program Files (x86)\VEX Robotics\VEXcode Pro V5\sdk/vexv5\libv5rt.a(v5_apijump.c.obj)
                0x03802420                vexControllerTextSet
 .text.vexDeviceAdiPortConfigSet
                0x03802494       0x34 C:\Program Files (x86)\VEX Robotics\VEXcode Pro V5\sdk/vexv5\libv5rt.a(v5_apijump.c.obj)
                0x03802494                vexDeviceAdiPortConfigSet
 .text.vexDeviceAdiPortConfigGet
                0x038024c8       0x2c C:\Program Files (x86)\VEX Robotics\VEXcode Pro V5\sdk/vexv5\libv5rt.a(v5_apijump.c.obj)
                0x038024c8                vexDeviceAdiPortConfigGet
 .text.vexDeviceAdiValueGet
                0x038024f4       0x2c C:\Program Files (x86)\VEX Robotics\VEXcode Pro V5\sdk/vexv5\libv5rt.a(v5_apijump.c.obj)
                0x038024f4                vexDeviceAdiValueGet
 .text.vexDeviceMotorVelocitySet
                0x03802520       0x2c C:\Program Files (x86)\VEX Robotics\VEXcode Pro V5\sdk/vexv5\libv5rt.a(v5_apijump.c.obj)
                0x03802520                vexDeviceMotorVelocitySet
 .text.vexDeviceMotorVoltageSet
                0x0380254c       0x2c C:\Program Files (x86)\VEX Robotics\VEXcode Pro V5\sdk/vexv5\libv5rt.a(v5_apijump.c.obj)
                0x0380254c                vexDeviceMotorVoltageSet
 .text.vexDeviceMotorActualVelocityGet
                0x03802578       0x24 C:\Program Files (x86)\VEX Robotics\VEXcode Pro V5\sdk/vexv5\libv5rt.a(v5_apijump.c.obj)
                0x03802578                vexDeviceMotorActualVelocityGet
 .text.vexDeviceMotorVoltageGet
                0x0380259c       0x24 C:\Program Files (x86)\VEX Robotics\VEXcode Pro V5\sdk/vexv5\libv5rt.a(v5_apijump.c.obj)
                0x0380259c                vexDeviceMotorVoltageGet
 .text.vexDeviceMotorTorqueGet
                0x038025c0       0x24 C:\Program Files (x86)\VEX Robotics\VEXcode Pro V5\sdk/vexv5\libv5rt.a(v5_apijump.c.obj)
                0x038025c0                vexDeviceMotorTorqueGet
 .text.vexDeviceMotorZeroPositionFlagGet
                0x038025e4       0x24 C:\Program Files (x86)\VEX Robotics\VEXcode Pro V5\sdk/vexv5\libv5rt.a(v5_apijump.c.obj)
                0x038025e4                vexDeviceMotorZeroPositionFlagGet
 .text.vexDeviceMotorReverseFlagSet
                0x03802608       0x2c C:\Program Files (x86)\VEX Robotics\VEXcode Pro V5\sdk/vexv5\libv5rt.a(v5_apijump.c.obj)
                0x03802608                vexDeviceMotorReverseFlagSet
 .text.vexDeviceMotorEncoderUnitsSet
                0x03802634       0x2c C:\Program Files (x86)\VEX Robotics\VEXcode Pro V5\sdk/vexv5\libv5rt.a(v5_apijump.c.obj)
                0x03802634                vexDeviceMotorEncoderUnitsSet
 .text.vexDeviceMotorBrakeModeSet
                0x03802660       0x2c C:\Program Files (x86)\VEX Robotics\VEXcode Pro V5\sdk/vexv5\libv5rt.a(v5_apijump.c.obj)
                0x03802660                vexDeviceMotorBrakeModeSet
 .text.vexDeviceMotorPositionSet
                0x0380268c       0x34 C:\Program Files (x86)\VEX Robotics\VEXcode Pro V5\sdk/vexv5\libv5rt.a(v5_apijump.c.obj)
                0x0380268c                vexDeviceMotorPositionSet
 .text.vexDeviceMotorPositionGet
                0x038026c0       0x24 C:\Program Files (x86)\VEX Robotics\VEXcode Pro V5\sdk/vexv5\libv5rt.a(v5_apijump.c.obj)
                0x038026c0                vexDeviceMotorPositionGet
 .text.vexDeviceMotorAbsoluteTargetSet
                0x038026e4       0x3c C:\Program Files (x86)\VEX Robotics\VEXcode Pro V5\sdk/vexv5\libv5rt.a(v5_apijump.c.obj)
                0x038026e4                vexDeviceMotorAbsoluteTargetSet
 .text.vexDeviceMotorRelativeTargetSet
                0x03802720       0x3c C:\Program Files (x86)\VEX Robotics\VEXcode Pro V5\sdk/vexv5\libv5rt.a(v5_apijump.c.obj)
                0x03802720                vexDeviceMotorRelativeTargetSet
 .text.vexDeviceMotorGearingSet
                0x0380275c       0x2c C:\Program Files (x86)\VEX Robotics\VEXcode Pro V5\sdk/vexv5\libv5rt.a(v5_apijump.c.obj)
                0x0380275c                vexDeviceMotorGearingSet
 .text.vexDeviceMotorGearingGet
                0x03802788       0x24 C:\Program Files (x86)\VEX Robotics\VEXcode Pro V5\sdk/vexv5\libv5rt.a(v5_apijump.c.obj)
                0x03802788                vexDeviceMotorGearingGet
 .text.vexDisplayForegroundColor
                0x038027ac       0x24 C:\Program Files (x86)\VEX Robotics\VEXcode Pro V5\sdk/vexv5\libv5rt.a(v5_apijump.c.obj)
                0x038027ac                vexDisplayForegroundColor
 .text.vexDisplayBackgroundColor
                0x038027d0       0x24 C:\Program Files (x86)\VEX Robotics\VEXcode Pro V5\sdk/vexv5\libv5rt.a(v5_apijump.c.obj)
                0x038027d0                vexDisplayBackgroundColor
 .text.vexDisplayTextReference
                0x038027f4       0x24 C:\Program Files (x86)\VEX Robotics\VEXcode Pro V5\sdk/vexv5\libv5rt.a(v5_apijump.c.obj)
                0x038027f4                vexDisplayTextReference
 .text.vexDisplayTextSize
                0x03802818       0x2c C:\Program Files (x86)\VEX Robotics\VEXcode Pro V5\sdk/vexv5\libv5rt.a(v5_apijump.c.obj)
                0x03802818                vexDisplayTextSize
 .text.vexDisplayFontNamedSet
                0x03802844       0x24 C:\Program Files (x86)\VEX Robotics\VEXcode Pro V5\sdk/vexv5\libv5rt.a(v5_apijump.c.obj)
                0x03802844                vexDisplayFontNamedSet
 .text.vexFileDriveStatus
                0x03802868       0x24 C:\Program Files (x86)\VEX Robotics\VEXcode Pro V5\sdk/vexv5\libv5rt.a(v5_apijump.c.obj)
                0x03802868                vexFileDriveStatus
 .text.vexSystemStdlibImpureDataAddr
                0x0380288c       0x28 C:\Program Files (x86)\VEX Robotics\VEXcode Pro V5\sdk/vexv5\libv5rt.a(v5_apijump.c.obj)
                0x0380288c                vexSystemStdlibImpureDataAddr
 .text.vexSystemStdlibImpureDataSize
                0x038028b4       0x28 C:\Program Files (x86)\VEX Robotics\VEXcode Pro V5\sdk/vexv5\libv5rt.a(v5_apijump.c.obj)
                0x038028b4                vexSystemStdlibImpureDataSize
 .text.vexSystemSaveUserData
                0x038028dc       0x3c C:\Program Files (x86)\VEX Robotics\VEXcode Pro V5\sdk/vexv5\libv5rt.a(v5_apijump.c.obj)
                0x038028dc                vexSystemSaveUserData
 .text.vexDisplayThemeIdGet
                0x03802918       0x38 C:\Program Files (x86)\VEX Robotics\VEXcode Pro V5\sdk/vexv5\libv5rt.a(v5_apijump.c.obj)
                0x03802918                vexDisplayThemeIdGet
 .text.vexDeviceEventMaskSet
                0x03802950       0x48 C:\Program Files (x86)\VEX Robotics\VEXcode Pro V5\sdk/vexv5\libv5rt.a(v5_apijump.c.obj)
                0x03802950                vexDeviceEventMaskSet
 .text.vexDeviceEventMaskGet
                0x03802998       0x3c C:\Program Files (x86)\VEX Robotics\VEXcode Pro V5\sdk/vexv5\libv5rt.a(v5_apijump.c.obj)
                0x03802998                vexDeviceEventMaskGet
 .text.vexSystemVersion
                0x038029d4       0x10 C:\Program Files (x86)\VEX Robotics\VEXcode Pro V5\sdk/vexv5\libv5rt.a(v5_apiversions.c.obj)
                0x038029d4                vexSystemVersion
 .text.vexStdlibVersion
                0x038029e4       0x10 C:\Program Files (x86)\VEX Robotics\VEXcode Pro V5\sdk/vexv5\libv5rt.a(v5_apiversions.c.obj)
                0x038029e4                vexStdlibVersion
 *fill*         0x038029f4        0x4 
 .text._ZN3vex4waitEdNS_9timeUnitsE
                0x038029f8       0x30 C:\Program Files (x86)\VEX Robotics\VEXcode Pro V5\sdk/vexv5\libv5rt.a(vex_global.cpp.obj)
                0x038029f8                vex::wait(double, vex::timeUnits)
 .text._ZN3vex5motorD2Ev
                0x03802a28       0x20 C:\Program Files (x86)\VEX Robotics\VEXcode Pro V5\sdk/vexv5\libv5rt.a(vex_motor.cpp.obj)
                0x03802a28                vex::motor::~motor()
                0x03802a28                vex::motor::~motor()
 .text._ZN3vex5motorD0Ev
                0x03802a48       0x1c C:\Program Files (x86)\VEX Robotics\VEXcode Pro V5\sdk/vexv5\libv5rt.a(vex_motor.cpp.obj)
                0x03802a48                vex::motor::~motor()
 .text._ZN3vex5motor9installedEv
                0x03802a64       0x18 C:\Program Files (x86)\VEX Robotics\VEXcode Pro V5\sdk/vexv5\libv5rt.a(vex_motor.cpp.obj)
                0x03802a64                vex::motor::installed()
 .text._ZN3vex5motor15defaultStoppingENS_9brakeTypeE
                0x03802a7c       0x30 C:\Program Files (x86)\VEX Robotics\VEXcode Pro V5\sdk/vexv5\libv5rt.a(vex_motor.cpp.obj)
                0x03802a7c                vex::motor::defaultStopping(vex::brakeType)
 .text._ZN3vex5motor11setStoppingENS_9brakeTypeE
                0x03802aac        0x4 C:\Program Files (x86)\VEX Robotics\VEXcode Pro V5\sdk/vexv5\libv5rt.a(vex_motor.cpp.obj)
                0x03802aac                vex::motor::setStopping(vex::brakeType)
 .text._ZN3vex5motorC2El
                0x03802ab0       0x78 C:\Program Files (x86)\VEX Robotics\VEXcode Pro V5\sdk/vexv5\libv5rt.a(vex_motor.cpp.obj)
                0x03802ab0                vex::motor::motor(long)
                0x03802ab0                vex::motor::motor(long)
 .text._ZN3vex5motorC2ElNS_11gearSettingEb
                0x03802b28       0x34 C:\Program Files (x86)\VEX Robotics\VEXcode Pro V5\sdk/vexv5\libv5rt.a(vex_motor.cpp.obj)
                0x03802b28                vex::motor::motor(long, vex::gearSetting, bool)
                0x03802b28                vex::motor::motor(long, vex::gearSetting, bool)
 *fill*         0x03802b5c        0x4 
 .text._ZN3vex5motor4spinENS_13directionTypeEdNS_12voltageUnitsE
                0x03802b60       0x50 C:\Program Files (x86)\VEX Robotics\VEXcode Pro V5\sdk/vexv5\libv5rt.a(vex_motor.cpp.obj)
                0x03802b60                vex::motor::spin(vex::directionType, double, vex::voltageUnits)
 .text._ZN3vex5motor10isSpinningEv
                0x03802bb0       0x38 C:\Program Files (x86)\VEX Robotics\VEXcode Pro V5\sdk/vexv5\libv5rt.a(vex_motor.cpp.obj)
                0x03802bb0                vex::motor::isSpinning()
 .text._ZN3vex5motor4stopENS_9brakeTypeE
                0x03802be8       0x30 C:\Program Files (x86)\VEX Robotics\VEXcode Pro V5\sdk/vexv5\libv5rt.a(vex_motor.cpp.obj)
                0x03802be8                vex::motor::stop(vex::brakeType)
 .text._ZN3vex5motor4stopEv
                0x03802c18        0x8 C:\Program Files (x86)\VEX Robotics\VEXcode Pro V5\sdk/vexv5\libv5rt.a(vex_motor.cpp.obj)
                0x03802c18                vex::motor::stop()
 .text._ZN3vex5motor7voltageENS_12voltageUnitsE
                0x03802c20       0x44 C:\Program Files (x86)\VEX Robotics\VEXcode Pro V5\sdk/vexv5\libv5rt.a(vex_motor.cpp.obj)
                0x03802c20                vex::motor::voltage(vex::voltageUnits)
 *fill*         0x03802c64        0x4 
 .text._ZN3vex5motor6torqueENS_11torqueUnitsE
                0x03802c68       0x30 C:\Program Files (x86)\VEX Robotics\VEXcode Pro V5\sdk/vexv5\libv5rt.a(vex_motor.cpp.obj)
                0x03802c68                vex::motor::torque(vex::torqueUnits)
 .text._ZN3vex5motor16velocityToScaledEdNS_13velocityUnitsE
                0x03802c98       0x5c C:\Program Files (x86)\VEX Robotics\VEXcode Pro V5\sdk/vexv5\libv5rt.a(vex_motor.cpp.obj)
                0x03802c98                vex::motor::velocityToScaled(double, vex::velocityUnits)
 .text._ZN3vex5motor8velocityENS_13velocityUnitsE
                0x03802cf4       0x30 C:\Program Files (x86)\VEX Robotics\VEXcode Pro V5\sdk/vexv5\libv5rt.a(vex_motor.cpp.obj)
                0x03802cf4                vex::motor::velocity(vex::velocityUnits)
 .text._ZN3vex5motor5valueEv
                0x03802d24       0x1c C:\Program Files (x86)\VEX Robotics\VEXcode Pro V5\sdk/vexv5\libv5rt.a(vex_motor.cpp.obj)
                0x03802d24                vex::motor::value()
 .text._ZN3vex5motor16scaledToVelocityEdNS_13velocityUnitsE
                0x03802d40       0xa4 C:\Program Files (x86)\VEX Robotics\VEXcode Pro V5\sdk/vexv5\libv5rt.a(vex_motor.cpp.obj)
                0x03802d40                vex::motor::scaledToVelocity(double, vex::velocityUnits)
 .text._ZN3vex5motor4spinENS_13directionTypeEdNS_13velocityUnitsE
                0x03802de4       0x5c C:\Program Files (x86)\VEX Robotics\VEXcode Pro V5\sdk/vexv5\libv5rt.a(vex_motor.cpp.obj)
                0x03802de4                vex::motor::spin(vex::directionType, double, vex::velocityUnits)
 .text._ZN3vex5motor4spinENS_13directionTypeE
                0x03802e40       0x28 C:\Program Files (x86)\VEX Robotics\VEXcode Pro V5\sdk/vexv5\libv5rt.a(vex_motor.cpp.obj)
                0x03802e40                vex::motor::spin(vex::directionType)
 .text._ZN3vex5motor11setVelocityEdNS_13velocityUnitsE
                0x03802e68       0x54 C:\Program Files (x86)\VEX Robotics\VEXcode Pro V5\sdk/vexv5\libv5rt.a(vex_motor.cpp.obj)
                0x03802e68                vex::motor::setVelocity(double, vex::velocityUnits)
 .text._ZN3vex5motor16setRotationUnitsENS_13rotationUnitsE
                0x03802ebc       0x1c C:\Program Files (x86)\VEX Robotics\VEXcode Pro V5\sdk/vexv5\libv5rt.a(vex_motor.cpp.obj)
                0x03802ebc                vex::motor::setRotationUnits(vex::rotationUnits)
 .text._ZN3vex5motor11setRotationEdNS_13rotationUnitsE
                0x03802ed8       0x44 C:\Program Files (x86)\VEX Robotics\VEXcode Pro V5\sdk/vexv5\libv5rt.a(vex_motor.cpp.obj)
                0x03802ed8                vex::motor::setRotation(double, vex::rotationUnits)
 .text._ZN3vex5motor13resetRotationEv
                0x03802f1c       0x20 C:\Program Files (x86)\VEX Robotics\VEXcode Pro V5\sdk/vexv5\libv5rt.a(vex_motor.cpp.obj)
                0x03802f1c                vex::motor::resetRotation()
 .text._ZN3vex5motor8rotateToEdNS_13rotationUnitsEdNS_13velocityUnitsEb
                0x03802f3c       0xc4 C:\Program Files (x86)\VEX Robotics\VEXcode Pro V5\sdk/vexv5\libv5rt.a(vex_motor.cpp.obj)
                0x03802f3c                vex::motor::rotateTo(double, vex::rotationUnits, double, vex::velocityUnits, bool)
 .text._ZN3vex5motor8rotateToEdNS_13rotationUnitsEb
                0x03803000       0x34 C:\Program Files (x86)\VEX Robotics\VEXcode Pro V5\sdk/vexv5\libv5rt.a(vex_motor.cpp.obj)
                0x03803000                vex::motor::rotateTo(double, vex::rotationUnits, bool)
 .text._ZN3vex5motor9rotateForEdNS_13rotationUnitsEdNS_13velocityUnitsEb
                0x03803034       0xe0 C:\Program Files (x86)\VEX Robotics\VEXcode Pro V5\sdk/vexv5\libv5rt.a(vex_motor.cpp.obj)
                0x03803034                vex::motor::rotateFor(double, vex::rotationUnits, double, vex::velocityUnits, bool)
 .text._ZN3vex5motor9rotateForENS_13directionTypeEdNS_13rotationUnitsEdNS_13velocityUnitsEb
                0x03803114       0x34 C:\Program Files (x86)\VEX Robotics\VEXcode Pro V5\sdk/vexv5\libv5rt.a(vex_motor.cpp.obj)
                0x03803114                vex::motor::rotateFor(vex::directionType, double, vex::rotationUnits, double, vex::velocityUnits, bool)
 .text._ZN3vex5motor8rotationENS_13rotationUnitsE
                0x03803148       0x44 C:\Program Files (x86)\VEX Robotics\VEXcode Pro V5\sdk/vexv5\libv5rt.a(vex_motor.cpp.obj)
                0x03803148                vex::motor::rotation(vex::rotationUnits)
 .text._ZN3vex10controllerD2Ev
                0x0380318c        0x4 C:\Program Files (x86)\VEX Robotics\VEXcode Pro V5\sdk/vexv5\libv5rt.a(vex_controller.cpp.obj)
                0x0380318c                vex::controller::~controller()
                0x0380318c                vex::controller::~controller()
 .text._ZN3vex10controller5valueE19_V5_ControllerIndex
                0x03803190        0x8 C:\Program Files (x86)\VEX Robotics\VEXcode Pro V5\sdk/vexv5\libv5rt.a(vex_controller.cpp.obj)
                0x03803190                vex::controller::value(_V5_ControllerIndex)
 .text._ZN3vex10controller6rumbleEPKc
                0x03803198       0x4c C:\Program Files (x86)\VEX Robotics\VEXcode Pro V5\sdk/vexv5\libv5rt.a(vex_controller.cpp.obj)
                0x03803198                vex::controller::rumble(char const*)
 .text._ZN3vex10controller6button8pressingEv
                0x038031e4       0xc8 C:\Program Files (x86)\VEX Robotics\VEXcode Pro V5\sdk/vexv5\libv5rt.a(vex_controller.cpp.obj)
                0x038031e4                vex::controller::button::pressing()
 .text._ZN3vex10controller6button7pressedEPFvvE
                0x038032ac      0x108 C:\Program Files (x86)\VEX Robotics\VEXcode Pro V5\sdk/vexv5\libv5rt.a(vex_controller.cpp.obj)
                0x038032ac                vex::controller::button::pressed(void (*)())
 .text._ZN3vex10controller6button21_buttonToPressedEventEv
                0x038033b4       0x20 C:\Program Files (x86)\VEX Robotics\VEXcode Pro V5\sdk/vexv5\libv5rt.a(vex_controller.cpp.obj)
                0x038033b4                vex::controller::button::_buttonToPressedEvent()
 .text._ZN3vex10controller6button22_buttonToReleasedEventEv
                0x038033d4       0x20 C:\Program Files (x86)\VEX Robotics\VEXcode Pro V5\sdk/vexv5\libv5rt.a(vex_controller.cpp.obj)
                0x038033d4                vex::controller::button::_buttonToReleasedEvent()
 .text._ZN3vex10controller6buttonC2ENS0_11tButtonTypeEPS0_
                0x038033f4       0x48 C:\Program Files (x86)\VEX Robotics\VEXcode Pro V5\sdk/vexv5\libv5rt.a(vex_controller.cpp.obj)
                0x038033f4                vex::controller::button::button(vex::controller::tButtonType, vex::controller*)
                0x038033f4                vex::controller::button::button(vex::controller::tButtonType, vex::controller*)
 .text._ZN3vex10controller4axis5valueEv
                0x0380343c       0x58 C:\Program Files (x86)\VEX Robotics\VEXcode Pro V5\sdk/vexv5\libv5rt.a(vex_controller.cpp.obj)
                0x0380343c                vex::controller::axis::value()
 .text._ZN3vex10controller4axis8positionENS_12percentUnitsE
                0x03803494       0x1c C:\Program Files (x86)\VEX Robotics\VEXcode Pro V5\sdk/vexv5\libv5rt.a(vex_controller.cpp.obj)
                0x03803494                vex::controller::axis::position(vex::percentUnits)
 .text._ZN3vex10controller4axis23_joystickToChangedEventEv
                0x038034b0       0x20 C:\Program Files (x86)\VEX Robotics\VEXcode Pro V5\sdk/vexv5\libv5rt.a(vex_controller.cpp.obj)
                0x038034b0                vex::controller::axis::_joystickToChangedEvent()
 .text._ZN3vex10controller4axisC2ENS0_9tAxisTypeEPS0_
                0x038034d0       0x2c C:\Program Files (x86)\VEX Robotics\VEXcode Pro V5\sdk/vexv5\libv5rt.a(vex_controller.cpp.obj)
                0x038034d0                vex::controller::axis::axis(vex::controller::tAxisType, vex::controller*)
                0x038034d0                vex::controller::axis::axis(vex::controller::tAxisType, vex::controller*)
 .text._ZN3vex10controllerC2ENS_14controllerTypeE
                0x038034fc      0x204 C:\Program Files (x86)\VEX Robotics\VEXcode Pro V5\sdk/vexv5\libv5rt.a(vex_controller.cpp.obj)
                0x038034fc                vex::controller::controller(vex::controllerType)
                0x038034fc                vex::controller::controller(vex::controllerType)
 .text._ZN3vex10controller3lcd15getControllerIdEv
                0x03803700       0x10 C:\Program Files (x86)\VEX Robotics\VEXcode Pro V5\sdk/vexv5\libv5rt.a(vex_controller.cpp.obj)
                0x03803700                vex::controller::lcd::getControllerId()
 .text._ZN3vex10controller3lcd5printEPKcz
                0x03803710       0x80 C:\Program Files (x86)\VEX Robotics\VEXcode Pro V5\sdk/vexv5\libv5rt.a(vex_controller.cpp.obj)
                0x03803710                vex::controller::lcd::print(char const*, ...)
 .text._ZN3vex10controller3lcd9clearLineEi
                0x03803790       0x80 C:\Program Files (x86)\VEX Robotics\VEXcode Pro V5\sdk/vexv5\libv5rt.a(vex_controller.cpp.obj)
                0x03803790                vex::controller::lcd::clearLine(int)
 .text._ZN3vex10controller3lcd9clearLineEv
                0x03803810        0x8 C:\Program Files (x86)\VEX Robotics\VEXcode Pro V5\sdk/vexv5\libv5rt.a(vex_controller.cpp.obj)
                0x03803810                vex::controller::lcd::clearLine()
 .text._ZN3vex4taskC2EPFivE
                0x03803818       0x5c C:\Program Files (x86)\VEX Robotics\VEXcode Pro V5\sdk/vexv5\libv5rt.a(vex_task.cpp.obj)
                0x03803818                vex::task::task(int (*)())
                0x03803818                vex::task::task(int (*)())
 .text._ZN3vex4taskD2Ev
                0x03803874        0x4 C:\Program Files (x86)\VEX Robotics\VEXcode Pro V5\sdk/vexv5\libv5rt.a(vex_task.cpp.obj)
                0x03803874                vex::task::~task()
                0x03803874                vex::task::~task()
 .text._ZN3vex4task4stopERKS0_
                0x03803878       0x18 C:\Program Files (x86)\VEX Robotics\VEXcode Pro V5\sdk/vexv5\libv5rt.a(vex_task.cpp.obj)
                0x03803878                vex::task::stop(vex::task const&)
 .text._ZN3vex4task5sleepEm
                0x03803890        0x4 C:\Program Files (x86)\VEX Robotics\VEXcode Pro V5\sdk/vexv5\libv5rt.a(vex_task.cpp.obj)
                0x03803890                vex::task::sleep(unsigned long)
 .text._ZN3vex4task6_indexEPFivE
                0x03803894       0x14 C:\Program Files (x86)\VEX Robotics\VEXcode Pro V5\sdk/vexv5\libv5rt.a(vex_task.cpp.obj)
                0x03803894                vex::task::_index(int (*)())
 .text._ZN3vex4task8_stopAllEv
                0x038038a8       0x3c C:\Program Files (x86)\VEX Robotics\VEXcode Pro V5\sdk/vexv5\libv5rt.a(vex_task.cpp.obj)
                0x038038a8                vex::task::_stopAll()
 .text._ZN3vex11this_thread9sleep_forEm
                0x038038e4        0x4 C:\Program Files (x86)\VEX Robotics\VEXcode Pro V5\sdk/vexv5\libv5rt.a(vex_thread.cpp.obj)
                0x038038e4                vex::this_thread::sleep_for(unsigned long)
 .text._ZN3vex5event4initEmmPFvvE
                0x038038e8        0x4 C:\Program Files (x86)\VEX Robotics\VEXcode Pro V5\sdk/vexv5\libv5rt.a(vex_event.cpp.obj)
                0x038038e8                vex::event::init(unsigned long, unsigned long, void (*)())
 .text._ZN3vex5event4initEmmPFvPvES1_
                0x038038ec        0x4 C:\Program Files (x86)\VEX Robotics\VEXcode Pro V5\sdk/vexv5\libv5rt.a(vex_event.cpp.obj)
                0x038038ec                vex::event::init(unsigned long, unsigned long, void (*)(void*), void*)
 .text._ZN3vex5event9userindexEv
                0x038038f0        0x4 C:\Program Files (x86)\VEX Robotics\VEXcode Pro V5\sdk/vexv5\libv5rt.a(vex_event.cpp.obj)
                0x038038f0                vex::event::userindex()
 .text._ZZN3vex6meventC4EmmENUlvE_4_FUNEv
                0x038038f4        0x4 C:\Program Files (x86)\VEX Robotics\VEXcode Pro V5\sdk/vexv5\libv5rt.a(vex_mevent.cpp.obj)
 .text._ZN3vex6meventC2Emm
                0x038038f8       0x70 C:\Program Files (x86)\VEX Robotics\VEXcode Pro V5\sdk/vexv5\libv5rt.a(vex_mevent.cpp.obj)
                0x038038f8                vex::mevent::mevent(unsigned long, unsigned long)
                0x038038f8                vex::mevent::mevent(unsigned long, unsigned long)
 .text._ZN3vex5brain9_getIndexEv
                0x03803968       0x10 C:\Program Files (x86)\VEX Robotics\VEXcode Pro V5\sdk/vexv5\libv5rt.a(vex_brain.cpp.obj)
                0x03803968                vex::brain::_getIndex()
 .text._ZN3vex5brain3lcd9setCursorEll
                0x03803978       0x44 C:\Program Files (x86)\VEX Robotics\VEXcode Pro V5\sdk/vexv5\libv5rt.a(vex_brain.cpp.obj)
                0x03803978                vex::brain::lcd::setCursor(long, long)
 .text._ZN3vex5brain3lcd7setFontENS_8fontTypeE
                0x038039bc      0x23c C:\Program Files (x86)\VEX Robotics\VEXcode Pro V5\sdk/vexv5\libv5rt.a(vex_brain.cpp.obj)
                0x038039bc                vex::brain::lcd::setFont(vex::fontType)
 .text._ZN3vex5brain3lcdC2Ev
                0x03803bf8       0x94 C:\Program Files (x86)\VEX Robotics\VEXcode Pro V5\sdk/vexv5\libv5rt.a(vex_brain.cpp.obj)
                0x03803bf8                vex::brain::lcd::lcd()
                0x03803bf8                vex::brain::lcd::lcd()
 .text._ZN3vex5brainC2Ev
                0x03803c8c       0x38 C:\Program Files (x86)\VEX Robotics\VEXcode Pro V5\sdk/vexv5\libv5rt.a(vex_brain.cpp.obj)
                0x03803c8c                vex::brain::brain()
                0x03803c8c                vex::brain::brain()
 .text._ZN3vex5brain6sdcard10isInsertedEv
                0x03803cc4        0x8 C:\Program Files (x86)\VEX Robotics\VEXcode Pro V5\sdk/vexv5\libv5rt.a(vex_brain.cpp.obj)
                0x03803cc4                vex::brain::sdcard::isInserted()
 .text._ZN3vex5brainD2Ev
                0x03803ccc       0x20 C:\Program Files (x86)\VEX Robotics\VEXcode Pro V5\sdk/vexv5\libv5rt.a(vex_brain.cpp.obj)
                0x03803ccc                vex::brain::~brain()
                0x03803ccc                vex::brain::~brain()
 .text._ZN3vex11competition11_autonomousEv
                0x03803cec       0x90 C:\Program Files (x86)\VEX Robotics\VEXcode Pro V5\sdk/vexv5\libv5rt.a(vex_competition.cpp.obj)
                0x03803cec                vex::competition::_autonomous()
 .text._ZN3vex11competition14_drivercontrolEv
                0x03803d7c       0x90 C:\Program Files (x86)\VEX Robotics\VEXcode Pro V5\sdk/vexv5\libv5rt.a(vex_competition.cpp.obj)
                0x03803d7c                vex::competition::_drivercontrol()
 .text._ZN3vex11competition8_disableEPv
                0x03803e0c       0xc8 C:\Program Files (x86)\VEX Robotics\VEXcode Pro V5\sdk/vexv5\libv5rt.a(vex_competition.cpp.obj)
                0x03803e0c                vex::competition::_disable(void*)
 .text._ZN3vex11competitionC2Ev
                0x03803ed4      0x13c C:\Program Files (x86)\VEX Robotics\VEXcode Pro V5\sdk/vexv5\libv5rt.a(vex_competition.cpp.obj)
                0x03803ed4                vex::competition::competition()
                0x03803ed4                vex::competition::competition()
 .text._ZN3vex11competitionD2Ev
                0x03804010        0x4 C:\Program Files (x86)\VEX Robotics\VEXcode Pro V5\sdk/vexv5\libv5rt.a(vex_competition.cpp.obj)
                0x03804010                vex::competition::~competition()
                0x03804010                vex::competition::~competition()
 .text._ZN3vex11competition10autonomousEPFvvE
                0x03804014       0x44 C:\Program Files (x86)\VEX Robotics\VEXcode Pro V5\sdk/vexv5\libv5rt.a(vex_competition.cpp.obj)
                0x03804014                vex::competition::autonomous(void (*)())
 .text._ZN3vex11competition13drivercontrolEPFvvE
                0x03804058       0x44 C:\Program Files (x86)\VEX Robotics\VEXcode Pro V5\sdk/vexv5\libv5rt.a(vex_competition.cpp.obj)
                0x03804058                vex::competition::drivercontrol(void (*)())
 .text._ZN3vex7triportD2Ev
                0x0380409c       0x38 C:\Program Files (x86)\VEX Robotics\VEXcode Pro V5\sdk/vexv5\libv5rt.a(vex_triport.cpp.obj)
                0x0380409c                vex::triport::~triport()
                0x0380409c                vex::triport::~triport()
 .text._ZN3vex7triportD0Ev
                0x038040d4       0x1c C:\Program Files (x86)\VEX Robotics\VEXcode Pro V5\sdk/vexv5\libv5rt.a(vex_triport.cpp.obj)
                0x038040d4                vex::triport::~triport()
 .text._ZN3vex7triport9installedEv
                0x038040f0       0x18 C:\Program Files (x86)\VEX Robotics\VEXcode Pro V5\sdk/vexv5\libv5rt.a(vex_triport.cpp.obj)
                0x038040f0                vex::triport::installed()
 .text._ZN3vex7triport4portC2ElPS0_
                0x03804108       0x74 C:\Program Files (x86)\VEX Robotics\VEXcode Pro V5\sdk/vexv5\libv5rt.a(vex_triport.cpp.obj)
                0x03804108                vex::triport::port::port(long, vex::triport*)
                0x03804108                vex::triport::port::port(long, vex::triport*)
 .text._ZN3vex7triportC2El
                0x0380417c       0xf0 C:\Program Files (x86)\VEX Robotics\VEXcode Pro V5\sdk/vexv5\libv5rt.a(vex_triport.cpp.obj)
                0x0380417c                vex::triport::triport(long)
                0x0380417c                vex::triport::triport(long)
 .text._ZN3vex7triport4port4typeENS_11triportTypeE
                0x0380426c       0x30 C:\Program Files (x86)\VEX Robotics\VEXcode Pro V5\sdk/vexv5\libv5rt.a(vex_triport.cpp.obj)
                0x0380426c                vex::triport::port::type(vex::triportType)
 .text._ZN3vex7triport4port4typeEv
                0x0380429c       0x38 C:\Program Files (x86)\VEX Robotics\VEXcode Pro V5\sdk/vexv5\libv5rt.a(vex_triport.cpp.obj)
                0x0380429c                vex::triport::port::type()
 .text._ZN3vex7triport4port5valueEv
                0x038042d4       0x14 C:\Program Files (x86)\VEX Robotics\VEXcode Pro V5\sdk/vexv5\libv5rt.a(vex_triport.cpp.obj)
                0x038042d4                vex::triport::port::value()
 .text._ZN3vex7triport4port8distanceENS_13distanceUnitsE
                0x038042e8       0x60 C:\Program Files (x86)\VEX Robotics\VEXcode Pro V5\sdk/vexv5\libv5rt.a(vex_triport.cpp.obj)
                0x038042e8                vex::triport::port::distance(vex::distanceUnits)
 .text._ZN3vex11__trideviceC2ERNS_7triport4portENS_11triportTypeE
                0x03804348       0x5c C:\Program Files (x86)\VEX Robotics\VEXcode Pro V5\sdk/vexv5\libv5rt.a(vex_triport.cpp.obj)
                0x03804348                vex::__tridevice::__tridevice(vex::triport::port&, vex::triportType)
                0x03804348                vex::__tridevice::__tridevice(vex::triport::port&, vex::triportType)
 .text._ZN3vex5limitC2ERNS_7triport4portE
                0x038043a4       0x28 C:\Program Files (x86)\VEX Robotics\VEXcode Pro V5\sdk/vexv5\libv5rt.a(vex_triport.cpp.obj)
                0x038043a4                vex::limit::limit(vex::triport::port&)
                0x038043a4                vex::limit::limit(vex::triport::port&)
 .text._ZN3vex5limitD2Ev
                0x038043cc        0x4 C:\Program Files (x86)\VEX Robotics\VEXcode Pro V5\sdk/vexv5\libv5rt.a(vex_triport.cpp.obj)
                0x038043cc                vex::limit::~limit()
                0x038043cc                vex::limit::~limit()
 .text._ZN3vex5limitcvbEv
                0x038043d0       0x1c C:\Program Files (x86)\VEX Robotics\VEXcode Pro V5\sdk/vexv5\libv5rt.a(vex_triport.cpp.obj)
                0x038043d0                vex::limit::operator bool()
 .text._ZN3vex5sonarC2ERNS_7triport4portE
                0x038043ec       0x30 C:\Program Files (x86)\VEX Robotics\VEXcode Pro V5\sdk/vexv5\libv5rt.a(vex_triport.cpp.obj)
                0x038043ec                vex::sonar::sonar(vex::triport::port&)
                0x038043ec                vex::sonar::sonar(vex::triport::port&)
 .text._ZN3vex5sonarD2Ev
                0x0380441c        0x4 C:\Program Files (x86)\VEX Robotics\VEXcode Pro V5\sdk/vexv5\libv5rt.a(vex_triport.cpp.obj)
                0x0380441c                vex::sonar::~sonar()
                0x0380441c                vex::sonar::~sonar()
 .text._ZN3vex5sonar8distanceENS_13distanceUnitsE
                0x03804420        0x8 C:\Program Files (x86)\VEX Robotics\VEXcode Pro V5\sdk/vexv5\libv5rt.a(vex_triport.cpp.obj)
                0x03804420                vex::sonar::distance(vex::distanceUnits)
 .text.startup._GLOBAL__sub_I__ZN3vex7triportC2El
                0x03804428       0x30 C:\Program Files (x86)\VEX Robotics\VEXcode Pro V5\sdk/vexv5\libv5rt.a(vex_triport.cpp.obj)
 .text._ZN3vex5colorD2Ev
                0x03804458        0x4 C:\Program Files (x86)\VEX Robotics\VEXcode Pro V5\sdk/vexv5\libv5rt.a(vex_color.cpp.obj)
                0x03804458                vex::color::~color()
                0x03804458                vex::color::~color()
 .text.startup._GLOBAL__sub_I__ZN3vex5color5blackE
                0x0380445c      0x164 C:\Program Files (x86)\VEX Robotics\VEXcode Pro V5\sdk/vexv5\libv5rt.a(vex_color.cpp.obj)
 .text._ZN3vex5timerD2Ev
                0x038045c0        0x4 C:\Program Files (x86)\VEX Robotics\VEXcode Pro V5\sdk/vexv5\libv5rt.a(vex_timer.cpp.obj)
                0x038045c0                vex::timer::~timer()
                0x038045c0                vex::timer::~timer()
 .text._ZN3vex5timer5clearEv
                0x038045c4       0x1c C:\Program Files (x86)\VEX Robotics\VEXcode Pro V5\sdk/vexv5\libv5rt.a(vex_timer.cpp.obj)
                0x038045c4                vex::timer::clear()
 .text._ZN3vex5timerC2Ev
                0x038045e0       0x14 C:\Program Files (x86)\VEX Robotics\VEXcode Pro V5\sdk/vexv5\libv5rt.a(vex_timer.cpp.obj)
                0x038045e0                vex::timer::timer()
                0x038045e0                vex::timer::timer()
 .text._ZN3vex5timer5resetEv
                0x038045f4        0x4 C:\Program Files (x86)\VEX Robotics\VEXcode Pro V5\sdk/vexv5\libv5rt.a(vex_timer.cpp.obj)
                0x038045f4                vex::timer::reset()
 .text._ZNK3vex5timer4timeENS_9timeUnitsE
                0x038045f8       0x40 C:\Program Files (x86)\VEX Robotics\VEXcode Pro V5\sdk/vexv5\libv5rt.a(vex_timer.cpp.obj)
                0x038045f8                vex::timer::time(vex::timeUnits) const
 .text._ZN3vex11motor_group18motor_group_motorsC2Ev
                0x03804638       0x28 C:\Program Files (x86)\VEX Robotics\VEXcode Pro V5\sdk/vexv5\libv5rt.a(vex_motorgroup.cpp.obj)
                0x03804638                vex::motor_group::motor_group_motors::motor_group_motors()
                0x03804638                vex::motor_group::motor_group_motors::motor_group_motors()
 .text._ZN3vex11motor_groupC2Ev
                0x03804660       0x1c C:\Program Files (x86)\VEX Robotics\VEXcode Pro V5\sdk/vexv5\libv5rt.a(vex_motorgroup.cpp.obj)
                0x03804660                vex::motor_group::motor_group()
                0x03804660                vex::motor_group::motor_group()
 .text._ZN3vex11motor_groupD2Ev
                0x0380467c        0x4 C:\Program Files (x86)\VEX Robotics\VEXcode Pro V5\sdk/vexv5\libv5rt.a(vex_motorgroup.cpp.obj)
                0x0380467c                vex::motor_group::~motor_group()
                0x0380467c                vex::motor_group::~motor_group()
 .text._ZN3vex11motor_group9_addMotorERNS_5motorE
                0x03804680       0x20 C:\Program Files (x86)\VEX Robotics\VEXcode Pro V5\sdk/vexv5\libv5rt.a(vex_motorgroup.cpp.obj)
                0x03804680                vex::motor_group::_addMotor(vex::motor&)
 .text._ZN3vex11motor_group11setVelocityEdNS_13velocityUnitsE
                0x038046a0       0x4c C:\Program Files (x86)\VEX Robotics\VEXcode Pro V5\sdk/vexv5\libv5rt.a(vex_motorgroup.cpp.obj)
                0x038046a0                vex::motor_group::setVelocity(double, vex::velocityUnits)
 .text._ZN3vex11motor_group11setStoppingENS_9brakeTypeE
                0x038046ec       0x38 C:\Program Files (x86)\VEX Robotics\VEXcode Pro V5\sdk/vexv5\libv5rt.a(vex_motorgroup.cpp.obj)
                0x038046ec                vex::motor_group::setStopping(vex::brakeType)
 .text._ZN3vex11motor_group13resetRotationEv
                0x03804724       0x30 C:\Program Files (x86)\VEX Robotics\VEXcode Pro V5\sdk/vexv5\libv5rt.a(vex_motorgroup.cpp.obj)
                0x03804724                vex::motor_group::resetRotation()
 .text._ZN3vex11motor_group13resetPositionEv
                0x03804754        0x4 C:\Program Files (x86)\VEX Robotics\VEXcode Pro V5\sdk/vexv5\libv5rt.a(vex_motorgroup.cpp.obj)
                0x03804754                vex::motor_group::resetPosition()
 .text._ZN3vex11motor_group4spinENS_13directionTypeE
                0x03804758       0x38 C:\Program Files (x86)\VEX Robotics\VEXcode Pro V5\sdk/vexv5\libv5rt.a(vex_motorgroup.cpp.obj)
                0x03804758                vex::motor_group::spin(vex::directionType)
 .text._ZN3vex11motor_group4spinENS_13directionTypeEdNS_13velocityUnitsE
                0x03804790       0x54 C:\Program Files (x86)\VEX Robotics\VEXcode Pro V5\sdk/vexv5\libv5rt.a(vex_motorgroup.cpp.obj)
                0x03804790                vex::motor_group::spin(vex::directionType, double, vex::velocityUnits)
 .text._ZN3vex11motor_group4spinENS_13directionTypeEdNS_12voltageUnitsE
                0x038047e4       0x54 C:\Program Files (x86)\VEX Robotics\VEXcode Pro V5\sdk/vexv5\libv5rt.a(vex_motorgroup.cpp.obj)
                0x038047e4                vex::motor_group::spin(vex::directionType, double, vex::voltageUnits)
 .text._ZN3vex11motor_group10isSpinningEv
                0x03804838       0x40 C:\Program Files (x86)\VEX Robotics\VEXcode Pro V5\sdk/vexv5\libv5rt.a(vex_motorgroup.cpp.obj)
                0x03804838                vex::motor_group::isSpinning()
 .text._ZN3vex11motor_group6isDoneEv
                0x03804878       0x14 C:\Program Files (x86)\VEX Robotics\VEXcode Pro V5\sdk/vexv5\libv5rt.a(vex_motorgroup.cpp.obj)
                0x03804878                vex::motor_group::isDone()
 .text._ZN3vex11motor_group4stopEv
                0x0380488c       0x30 C:\Program Files (x86)\VEX Robotics\VEXcode Pro V5\sdk/vexv5\libv5rt.a(vex_motorgroup.cpp.obj)
                0x0380488c                vex::motor_group::stop()
 .text._ZN3vex11motor_group4stopENS_9brakeTypeE
                0x038048bc       0x38 C:\Program Files (x86)\VEX Robotics\VEXcode Pro V5\sdk/vexv5\libv5rt.a(vex_motorgroup.cpp.obj)
                0x038048bc                vex::motor_group::stop(vex::brakeType)
 .text._ZN3vex11motor_group8rotationENS_13rotationUnitsE
                0x038048f4        0xc C:\Program Files (x86)\VEX Robotics\VEXcode Pro V5\sdk/vexv5\libv5rt.a(vex_motorgroup.cpp.obj)
                0x038048f4                vex::motor_group::rotation(vex::rotationUnits)
 .text._ZN3vex11motor_group8positionENS_13rotationUnitsE
                0x03804900        0x4 C:\Program Files (x86)\VEX Robotics\VEXcode Pro V5\sdk/vexv5\libv5rt.a(vex_motorgroup.cpp.obj)
                0x03804900                vex::motor_group::position(vex::rotationUnits)
 .text._ZN3vex11motor_group7voltageENS_12voltageUnitsE
                0x03804904        0xc C:\Program Files (x86)\VEX Robotics\VEXcode Pro V5\sdk/vexv5\libv5rt.a(vex_motorgroup.cpp.obj)
                0x03804904                vex::motor_group::voltage(vex::voltageUnits)
 .text._ZN3vex11motor_group6torqueENS_11torqueUnitsE
                0x03804910        0xc C:\Program Files (x86)\VEX Robotics\VEXcode Pro V5\sdk/vexv5\libv5rt.a(vex_motorgroup.cpp.obj)
                0x03804910                vex::motor_group::torque(vex::torqueUnits)
 .text._ZN3vex11motor_group20waitForCompletionAllEv
                0x0380491c       0x60 C:\Program Files (x86)\VEX Robotics\VEXcode Pro V5\sdk/vexv5\libv5rt.a(vex_motorgroup.cpp.obj)
                0x0380491c                vex::motor_group::waitForCompletionAll()
 .text._ZN3vex11motor_group8rotateToEdNS_13rotationUnitsEb
                0x0380497c       0x78 C:\Program Files (x86)\VEX Robotics\VEXcode Pro V5\sdk/vexv5\libv5rt.a(vex_motorgroup.cpp.obj)
                0x0380497c                vex::motor_group::rotateTo(double, vex::rotationUnits, bool)
 .text._ZN3vex11motor_group6spinToEdNS_13rotationUnitsEb
                0x038049f4        0xc C:\Program Files (x86)\VEX Robotics\VEXcode Pro V5\sdk/vexv5\libv5rt.a(vex_motorgroup.cpp.obj)
                0x038049f4                vex::motor_group::spinTo(double, vex::rotationUnits, bool)
 .text._ZN3vex11motor_group9rotateForENS_13directionTypeEdNS_13rotationUnitsEdNS_13velocityUnitsEb
                0x03804a00       0xa8 C:\Program Files (x86)\VEX Robotics\VEXcode Pro V5\sdk/vexv5\libv5rt.a(vex_motorgroup.cpp.obj)
                0x03804a00                vex::motor_group::rotateFor(vex::directionType, double, vex::rotationUnits, double, vex::velocityUnits, bool)
 .text._ZN3vex10drivetrainD2Ev
                0x03804aa8       0x28 C:\Program Files (x86)\VEX Robotics\VEXcode Pro V5\sdk/vexv5\libv5rt.a(vex_drivetrain.cpp.obj)
                0x03804aa8                vex::drivetrain::~drivetrain()
                0x03804aa8                vex::drivetrain::~drivetrain()
 .text._ZN3vex10drivetrainD0Ev
                0x03804ad0       0x1c C:\Program Files (x86)\VEX Robotics\VEXcode Pro V5\sdk/vexv5\libv5rt.a(vex_drivetrain.cpp.obj)
                0x03804ad0                vex::drivetrain::~drivetrain()
 .text._ZN3vex10drivetrain8isMovingEv
                0x03804aec       0x24 C:\Program Files (x86)\VEX Robotics\VEXcode Pro V5\sdk/vexv5\libv5rt.a(vex_drivetrain.cpp.obj)
                0x03804aec                vex::drivetrain::isMoving()
 .text._ZN3vex10drivetrain16setDriveVelocityEdNS_13velocityUnitsE
                0x03804b10       0x54 C:\Program Files (x86)\VEX Robotics\VEXcode Pro V5\sdk/vexv5\libv5rt.a(vex_drivetrain.cpp.obj)
                0x03804b10                vex::drivetrain::setDriveVelocity(double, vex::velocityUnits)
 *fill*         0x03804b64        0x4 
 .text._ZN3vex10drivetrain12setGearRatioEd
                0x03804b68       0x54 C:\Program Files (x86)\VEX Robotics\VEXcode Pro V5\sdk/vexv5\libv5rt.a(vex_drivetrain.cpp.obj)
                0x03804b68                vex::drivetrain::setGearRatio(double)
 .text._ZN3vex10drivetrain5driveENS_13directionTypeEdNS_13velocityUnitsE
                0x03804bbc       0x5c C:\Program Files (x86)\VEX Robotics\VEXcode Pro V5\sdk/vexv5\libv5rt.a(vex_drivetrain.cpp.obj)
                0x03804bbc                vex::drivetrain::drive(vex::directionType, double, vex::velocityUnits)
 .text._ZN3vex10drivetrain4turnENS_8turnTypeE
                0x03804c18       0x50 C:\Program Files (x86)\VEX Robotics\VEXcode Pro V5\sdk/vexv5\libv5rt.a(vex_drivetrain.cpp.obj)
                0x03804c18                vex::drivetrain::turn(vex::turnType)
 .text._ZN3vex10drivetrain15setTurnVelocityEdNS_13velocityUnitsE
                0x03804c68       0x28 C:\Program Files (x86)\VEX Robotics\VEXcode Pro V5\sdk/vexv5\libv5rt.a(vex_drivetrain.cpp.obj)
                0x03804c68                vex::drivetrain::setTurnVelocity(double, vex::velocityUnits)
 .text._ZN3vex10drivetrain6isDoneEv
                0x03804c90       0x14 C:\Program Files (x86)\VEX Robotics\VEXcode Pro V5\sdk/vexv5\libv5rt.a(vex_drivetrain.cpp.obj)
                0x03804c90                vex::drivetrain::isDone()
 .text._ZN3vex10drivetrain4stopEv
                0x03804ca4       0x24 C:\Program Files (x86)\VEX Robotics\VEXcode Pro V5\sdk/vexv5\libv5rt.a(vex_drivetrain.cpp.obj)
                0x03804ca4                vex::drivetrain::stop()
 .text._ZN3vex10drivetrain4stopENS_9brakeTypeE
                0x03804cc8       0x2c C:\Program Files (x86)\VEX Robotics\VEXcode Pro V5\sdk/vexv5\libv5rt.a(vex_drivetrain.cpp.obj)
                0x03804cc8                vex::drivetrain::stop(vex::brakeType)
 .text._ZN3vex10drivetrain21_waitForCompletionAllEv
                0x03804cf4       0x60 C:\Program Files (x86)\VEX Robotics\VEXcode Pro V5\sdk/vexv5\libv5rt.a(vex_drivetrain.cpp.obj)
                0x03804cf4                vex::drivetrain::_waitForCompletionAll()
 *fill*         0x03804d54        0x4 
 .text._ZN3vex10drivetrain12distanceToMmEdNS_13distanceUnitsE
                0x03804d58       0x38 C:\Program Files (x86)\VEX Robotics\VEXcode Pro V5\sdk/vexv5\libv5rt.a(vex_drivetrain.cpp.obj)
                0x03804d58                vex::drivetrain::distanceToMm(double, vex::distanceUnits)
 .text._ZN3vex10drivetrainC2ERNS_11motor_groupES2_dddNS_13distanceUnitsEd
                0x03804d90       0xe8 C:\Program Files (x86)\VEX Robotics\VEXcode Pro V5\sdk/vexv5\libv5rt.a(vex_drivetrain.cpp.obj)
                0x03804d90                vex::drivetrain::drivetrain(vex::motor_group&, vex::motor_group&, double, double, double, vex::distanceUnits, double)
                0x03804d90                vex::drivetrain::drivetrain(vex::motor_group&, vex::motor_group&, double, double, double, vex::distanceUnits, double)
 .text._ZN3vex10drivetrain12_angleToRevsEdNS_13rotationUnitsE
                0x03804e78       0x98 C:\Program Files (x86)\VEX Robotics\VEXcode Pro V5\sdk/vexv5\libv5rt.a(vex_drivetrain.cpp.obj)
                0x03804e78                vex::drivetrain::_angleToRevs(double, vex::rotationUnits)
 .text._ZN3vex10drivetrain7turnForENS_8turnTypeEdNS_13rotationUnitsEb
                0x03804f10       0xbc C:\Program Files (x86)\VEX Robotics\VEXcode Pro V5\sdk/vexv5\libv5rt.a(vex_drivetrain.cpp.obj)
                0x03804f10                vex::drivetrain::turnFor(vex::turnType, double, vex::rotationUnits, bool)
 .text._ZN3vex10drivetrain7turnForEdNS_13rotationUnitsEb
                0x03804fcc       0x10 C:\Program Files (x86)\VEX Robotics\VEXcode Pro V5\sdk/vexv5\libv5rt.a(vex_drivetrain.cpp.obj)
                0x03804fcc                vex::drivetrain::turnFor(double, vex::rotationUnits, bool)
 .text._ZN3vex10drivetrain7turnForENS_8turnTypeEdNS_13rotationUnitsEdNS_13velocityUnitsEb
                0x03804fdc       0xd0 C:\Program Files (x86)\VEX Robotics\VEXcode Pro V5\sdk/vexv5\libv5rt.a(vex_drivetrain.cpp.obj)
                0x03804fdc                vex::drivetrain::turnFor(vex::turnType, double, vex::rotationUnits, double, vex::velocityUnits, bool)
 .text._ZN3vex10drivetrain7turnForEdNS_13rotationUnitsEdNS_13velocityUnitsEb
                0x038050ac       0x18 C:\Program Files (x86)\VEX Robotics\VEXcode Pro V5\sdk/vexv5\libv5rt.a(vex_drivetrain.cpp.obj)
                0x038050ac                vex::drivetrain::turnFor(double, vex::rotationUnits, double, vex::velocityUnits, bool)
 .text.vexAdiPortConfigSet
                0x038050c4       0x28 C:\Program Files (x86)\VEX Robotics\VEXcode Pro V5\sdk/vexv5\libv5rt.a(v5_apiuser.c.obj)
                0x038050c4                vexAdiPortConfigSet
 .text.vexAdiPortConfigGet
                0x038050ec       0x28 C:\Program Files (x86)\VEX Robotics\VEXcode Pro V5\sdk/vexv5\libv5rt.a(v5_apiuser.c.obj)
                0x038050ec                vexAdiPortConfigGet
 .text.vexAdiValueGet
                0x03805114       0x20 C:\Program Files (x86)\VEX Robotics\VEXcode Pro V5\sdk/vexv5\libv5rt.a(v5_apiuser.c.obj)
                0x03805114                vexAdiValueGet
 .text.vexMotorVelocitySet
                0x03805134       0x20 C:\Program Files (x86)\VEX Robotics\VEXcode Pro V5\sdk/vexv5\libv5rt.a(v5_apiuser.c.obj)
                0x03805134                vexMotorVelocitySet
 .text.vexMotorVoltageSet
                0x03805154       0x20 C:\Program Files (x86)\VEX Robotics\VEXcode Pro V5\sdk/vexv5\libv5rt.a(v5_apiuser.c.obj)
                0x03805154                vexMotorVoltageSet
 .text.vexMotorActualVelocityGet
                0x03805174       0x24 C:\Program Files (x86)\VEX Robotics\VEXcode Pro V5\sdk/vexv5\libv5rt.a(v5_apiuser.c.obj)
                0x03805174                vexMotorActualVelocityGet
 .text.vexMotorVoltageGet
                0x03805198       0x18 C:\Program Files (x86)\VEX Robotics\VEXcode Pro V5\sdk/vexv5\libv5rt.a(v5_apiuser.c.obj)
                0x03805198                vexMotorVoltageGet
 .text.vexMotorTorqueGet
                0x038051b0       0x24 C:\Program Files (x86)\VEX Robotics\VEXcode Pro V5\sdk/vexv5\libv5rt.a(v5_apiuser.c.obj)
                0x038051b0                vexMotorTorqueGet
 .text.vexMotorZeroPositionFlagGet
                0x038051d4       0x18 C:\Program Files (x86)\VEX Robotics\VEXcode Pro V5\sdk/vexv5\libv5rt.a(v5_apiuser.c.obj)
                0x038051d4                vexMotorZeroPositionFlagGet
 .text.vexMotorReverseFlagSet
                0x038051ec       0x20 C:\Program Files (x86)\VEX Robotics\VEXcode Pro V5\sdk/vexv5\libv5rt.a(v5_apiuser.c.obj)
                0x038051ec                vexMotorReverseFlagSet
 .text.vexMotorEncoderUnitsSet
                0x0380520c       0x20 C:\Program Files (x86)\VEX Robotics\VEXcode Pro V5\sdk/vexv5\libv5rt.a(v5_apiuser.c.obj)
                0x0380520c                vexMotorEncoderUnitsSet
 .text.vexMotorBrakeModeSet
                0x0380522c       0x20 C:\Program Files (x86)\VEX Robotics\VEXcode Pro V5\sdk/vexv5\libv5rt.a(v5_apiuser.c.obj)
                0x0380522c                vexMotorBrakeModeSet
 .text.vexMotorPositionSet
                0x0380524c       0x28 C:\Program Files (x86)\VEX Robotics\VEXcode Pro V5\sdk/vexv5\libv5rt.a(v5_apiuser.c.obj)
                0x0380524c                vexMotorPositionSet
 .text.vexMotorPositionGet
                0x03805274       0x24 C:\Program Files (x86)\VEX Robotics\VEXcode Pro V5\sdk/vexv5\libv5rt.a(v5_apiuser.c.obj)
                0x03805274                vexMotorPositionGet
 .text.vexMotorAbsoluteTargetSet
                0x03805298       0x30 C:\Program Files (x86)\VEX Robotics\VEXcode Pro V5\sdk/vexv5\libv5rt.a(v5_apiuser.c.obj)
                0x03805298                vexMotorAbsoluteTargetSet
 .text.vexMotorRelativeTargetSet
                0x038052c8       0x30 C:\Program Files (x86)\VEX Robotics\VEXcode Pro V5\sdk/vexv5\libv5rt.a(v5_apiuser.c.obj)
                0x038052c8                vexMotorRelativeTargetSet
 .text.vexMotorGearingSet
                0x038052f8       0x20 C:\Program Files (x86)\VEX Robotics\VEXcode Pro V5\sdk/vexv5\libv5rt.a(v5_apiuser.c.obj)
                0x038052f8                vexMotorGearingSet
 .text.vexMotorGearingGet
                0x03805318       0x18 C:\Program Files (x86)\VEX Robotics\VEXcode Pro V5\sdk/vexv5\libv5rt.a(v5_apiuser.c.obj)
                0x03805318                vexMotorGearingGet
 .text.vexEventMaskSet
                0x03805330       0x28 C:\Program Files (x86)\VEX Robotics\VEXcode Pro V5\sdk/vexv5\libv5rt.a(v5_apiuser.c.obj)
                0x03805330                vexEventMaskSet
 .text.vexEventMaskGet
                0x03805358       0x18 C:\Program Files (x86)\VEX Robotics\VEXcode Pro V5\sdk/vexv5\libv5rt.a(v5_apiuser.c.obj)
                0x03805358                vexEventMaskGet
 .text._ZN3vex6deviceD2Ev
                0x03805370        0x4 C:\Program Files (x86)\VEX Robotics\VEXcode Pro V5\sdk/vexv5\libv5rt.a(vex_device.cpp.obj)
                0x03805370                vex::device::~device()
                0x03805370                vex::device::~device()
 .text._ZN3vex6device5valueEv
                0x03805374        0x8 C:\Program Files (x86)\VEX Robotics\VEXcode Pro V5\sdk/vexv5\libv5rt.a(vex_device.cpp.obj)
                0x03805374                vex::device::value()
 .text._ZN3vex6deviceD0Ev
                0x0380537c       0x14 C:\Program Files (x86)\VEX Robotics\VEXcode Pro V5\sdk/vexv5\libv5rt.a(vex_device.cpp.obj)
                0x0380537c                vex::device::~device()
 .text._ZN3vex6device4initEl
                0x03805390       0x30 C:\Program Files (x86)\VEX Robotics\VEXcode Pro V5\sdk/vexv5\libv5rt.a(vex_device.cpp.obj)
                0x03805390                vex::device::init(long)
 .text._ZN3vex6deviceC2El
                0x038053c0       0x20 C:\Program Files (x86)\VEX Robotics\VEXcode Pro V5\sdk/vexv5\libv5rt.a(vex_device.cpp.obj)
                0x038053c0                vex::device::device(long)
                0x038053c0                vex::device::device(long)
 .text._ZN3vex6device4typeEv
                0x038053e0       0x10 C:\Program Files (x86)\VEX Robotics\VEXcode Pro V5\sdk/vexv5\libv5rt.a(vex_device.cpp.obj)
                0x038053e0                vex::device::type()
 .text._ZN3vex6device9installedEv
                0x038053f0       0x14 C:\Program Files (x86)\VEX Robotics\VEXcode Pro V5\sdk/vexv5\libv5rt.a(vex_device.cpp.obj)
                0x038053f0                vex::device::installed()
 .text.__libc_fini_array
                0x03805404       0x30 C:\Program Files (x86)\VEX Robotics\VEXcode Pro V5\sdk/vexv5/gcc/libs\libc.a(lib_a-fini.o)
                0x03805404                __libc_fini_array
 .text.__libc_init_array
                0x03805434       0x58 C:\Program Files (x86)\VEX Robotics\VEXcode Pro V5\sdk/vexv5/gcc/libs\libc.a(lib_a-init.o)
                0x03805434                __libc_init_array
 .text.memcpy   0x0380548c       0xa8 C:\Program Files (x86)\VEX Robotics\VEXcode Pro V5\sdk/vexv5/gcc/libs\libc.a(lib_a-memcpy.o)
                0x0380548c                memcpy
 *fill*         0x03805534        0x4 
 .text.memcpy.__stub
                0x03805538       0x20 linker stubs
 *(.gnu.linkonce.t.*)
 *(.plt)
 *(.gnu_warning)
 *(.gcc_except_table)
 *(.glue_7)
 .glue_7        0x00000000        0x0 linker stubs
 *(.glue_7t)
 .glue_7t       0x00000000        0x0 linker stubs
 *(.vfp11_veneer)
 .vfp11_veneer  0x00000000        0x0 linker stubs
 *(.ARM.extab)
 *(.gnu.linkonce.armextab.*)

.v4_bx          0x03805558        0x0
 .v4_bx         0x00000000        0x0 linker stubs

.iplt           0x03805558        0x0
 .iplt          0x00000000        0x0 build/src/main.o

.init
 *(.init)

.fini
 *(.fini)

.rodata         0x03805558      0x2cc
                0x03805558                __rodata_start = .
 *(.rodata)
 *(.rodata.*)
 .rodata.str1.1
                0x03805558        0x8 build/src/auto.o
 .rodata.str1.1
                0x03805560        0x2 build/src/controls.o
 .rodata.str1.1
                0x03805562      0x115 build/src/fileManager.o
 .rodata.str1.1
                0x03805677       0x2e C:\Program Files (x86)\VEX Robotics\VEXcode Pro V5\sdk/vexv5\libv5rt.a(v5_startup.c.obj)
 *fill*         0x038056a5        0x3 
 .rodata._ZN3vex6PORT20E
                0x038056a8        0x4 C:\Program Files (x86)\VEX Robotics\VEXcode Pro V5\sdk/vexv5\libv5rt.a(vex_global.cpp.obj)
                0x038056a8                vex::PORT20
 .rodata._ZN3vex3fwdE
                0x038056ac        0x4 C:\Program Files (x86)\VEX Robotics\VEXcode Pro V5\sdk/vexv5\libv5rt.a(vex_global.cpp.obj)
                0x038056ac                vex::fwd
 .rodata._ZN3vex5PORT3E
                0x038056b0        0x4 C:\Program Files (x86)\VEX Robotics\VEXcode Pro V5\sdk/vexv5\libv5rt.a(vex_global.cpp.obj)
                0x038056b0                vex::PORT3
 .rodata._ZN3vex5PORT1E
                0x038056b4        0x4 C:\Program Files (x86)\VEX Robotics\VEXcode Pro V5\sdk/vexv5\libv5rt.a(vex_global.cpp.obj)
                0x038056b4                vex::PORT1
 .rodata._ZN3vex7reverseE
                0x038056b8        0x4 C:\Program Files (x86)\VEX Robotics\VEXcode Pro V5\sdk/vexv5\libv5rt.a(vex_global.cpp.obj)
                0x038056b8                vex::reverse
 .rodata._ZN3vex4voltE
                0x038056bc        0x4 C:\Program Files (x86)\VEX Robotics\VEXcode Pro V5\sdk/vexv5\libv5rt.a(vex_global.cpp.obj)
                0x038056bc                vex::volt
 .rodata._ZN3vex6PORT10E
                0x038056c0        0x4 C:\Program Files (x86)\VEX Robotics\VEXcode Pro V5\sdk/vexv5\libv5rt.a(vex_global.cpp.obj)
                0x038056c0                vex::PORT10
 .rodata._ZN3vex7forwardE
                0x038056c4        0x4 C:\Program Files (x86)\VEX Robotics\VEXcode Pro V5\sdk/vexv5\libv5rt.a(vex_global.cpp.obj)
                0x038056c4                vex::forward
 .rodata._ZN3vex3pctE
                0x038056c8        0x4 C:\Program Files (x86)\VEX Robotics\VEXcode Pro V5\sdk/vexv5\libv5rt.a(vex_global.cpp.obj)
                0x038056c8                vex::pct
 .rodata._ZN3vex4msecE
                0x038056cc        0x4 C:\Program Files (x86)\VEX Robotics\VEXcode Pro V5\sdk/vexv5\libv5rt.a(vex_global.cpp.obj)
                0x038056cc                vex::msec
 .rodata._ZN3vex5PORT2E
                0x038056d0        0x4 C:\Program Files (x86)\VEX Robotics\VEXcode Pro V5\sdk/vexv5\libv5rt.a(vex_global.cpp.obj)
                0x038056d0                vex::PORT2
 .rodata._ZN3vex3rpmE
                0x038056d4        0x4 C:\Program Files (x86)\VEX Robotics\VEXcode Pro V5\sdk/vexv5\libv5rt.a(vex_global.cpp.obj)
                0x038056d4                vex::rpm
 .rodata._ZN3vex6PORT11E
                0x038056d8        0x4 C:\Program Files (x86)\VEX Robotics\VEXcode Pro V5\sdk/vexv5\libv5rt.a(vex_global.cpp.obj)
                0x038056d8                vex::PORT11
 .rodata._ZN3vex7primaryE
                0x038056dc        0x4 C:\Program Files (x86)\VEX Robotics\VEXcode Pro V5\sdk/vexv5\libv5rt.a(vex_global.cpp.obj)
                0x038056dc                vex::primary
 .rodata._ZN3vex3degE
                0x038056e0        0x4 C:\Program Files (x86)\VEX Robotics\VEXcode Pro V5\sdk/vexv5\libv5rt.a(vex_global.cpp.obj)
                0x038056e0                vex::deg
 .rodata._ZN3vex7percentE
                0x038056e4        0x4 C:\Program Files (x86)\VEX Robotics\VEXcode Pro V5\sdk/vexv5\libv5rt.a(vex_global.cpp.obj)
                0x038056e4                vex::percent
 .rodata._ZN3vex6PORT15E
                0x038056e8        0x4 C:\Program Files (x86)\VEX Robotics\VEXcode Pro V5\sdk/vexv5\libv5rt.a(vex_global.cpp.obj)
                0x038056e8                vex::PORT15
 .rodata._ZN3vex6PORT19E
                0x038056ec        0x4 C:\Program Files (x86)\VEX Robotics\VEXcode Pro V5\sdk/vexv5\libv5rt.a(vex_global.cpp.obj)
                0x038056ec                vex::PORT19
 .rodata._ZN3vex7degreesE
                0x038056f0        0x4 C:\Program Files (x86)\VEX Robotics\VEXcode Pro V5\sdk/vexv5\libv5rt.a(vex_global.cpp.obj)
                0x038056f0                vex::degrees
 .rodata._ZN3vex6PORT22E
                0x038056f4        0x4 C:\Program Files (x86)\VEX Robotics\VEXcode Pro V5\sdk/vexv5\libv5rt.a(vex_global.cpp.obj)
                0x038056f4                vex::PORT22
 .rodata._ZN3vex4holdE
                0x038056f8        0x4 C:\Program Files (x86)\VEX Robotics\VEXcode Pro V5\sdk/vexv5\libv5rt.a(vex_global.cpp.obj)
                0x038056f8                vex::hold
 .rodata._ZN3vex6PORT12E
                0x038056fc        0x4 C:\Program Files (x86)\VEX Robotics\VEXcode Pro V5\sdk/vexv5\libv5rt.a(vex_global.cpp.obj)
                0x038056fc                vex::PORT12
 .rodata._ZN3vex2mmE
                0x03805700        0x4 C:\Program Files (x86)\VEX Robotics\VEXcode Pro V5\sdk/vexv5\libv5rt.a(vex_global.cpp.obj)
                0x03805700                vex::mm
 .rodata._ZN3vex5brakeE
                0x03805704        0x4 C:\Program Files (x86)\VEX Robotics\VEXcode Pro V5\sdk/vexv5\libv5rt.a(vex_global.cpp.obj)
                0x03805704                vex::brake
 .rodata._ZN3vex5coastE
                0x03805708        0x4 C:\Program Files (x86)\VEX Robotics\VEXcode Pro V5\sdk/vexv5\libv5rt.a(vex_global.cpp.obj)
                0x03805708                vex::coast
 .rodata._ZN3vex5PORT4E
                0x0380570c        0x4 C:\Program Files (x86)\VEX Robotics\VEXcode Pro V5\sdk/vexv5\libv5rt.a(vex_global.cpp.obj)
                0x0380570c                vex::PORT4
 .rodata._ZN3vex9ratio18_1E
                0x03805710        0x4 C:\Program Files (x86)\VEX Robotics\VEXcode Pro V5\sdk/vexv5\libv5rt.a(vex_global.cpp.obj)
                0x03805710                vex::ratio18_1
 .rodata._ZN3vex6inchesE
                0x03805714        0x4 C:\Program Files (x86)\VEX Robotics\VEXcode Pro V5\sdk/vexv5\libv5rt.a(vex_global.cpp.obj)
                0x03805714                vex::inches
 .rodata._ZTVN3vex5motorE
                0x03805718       0x18 C:\Program Files (x86)\VEX Robotics\VEXcode Pro V5\sdk/vexv5\libv5rt.a(vex_motor.cpp.obj)
                0x03805718                vtable for vex::motor
 .rodata.str1.1
                0x03805730       0x1f C:\Program Files (x86)\VEX Robotics\VEXcode Pro V5\sdk/vexv5\libv5rt.a(vex_controller.cpp.obj)
                                 0x20 (size before relaxing)
 .rodata.CSWTCH.16
                0x0380574f        0xb C:\Program Files (x86)\VEX Robotics\VEXcode Pro V5\sdk/vexv5\libv5rt.a(vex_controller.cpp.obj)
 .rodata.CSWTCH.18
                0x0380575a        0xb C:\Program Files (x86)\VEX Robotics\VEXcode Pro V5\sdk/vexv5\libv5rt.a(vex_controller.cpp.obj)
 .rodata.CSWTCH.24
                0x03805765        0x3 C:\Program Files (x86)\VEX Robotics\VEXcode Pro V5\sdk/vexv5\libv5rt.a(vex_controller.cpp.obj)
 .rodata.str1.1
                0x03805768       0x14 C:\Program Files (x86)\VEX Robotics\VEXcode Pro V5\sdk/vexv5\libv5rt.a(vex_task.cpp.obj)
 .rodata.str1.1
                0x0380577c       0x2b C:\Program Files (x86)\VEX Robotics\VEXcode Pro V5\sdk/vexv5\libv5rt.a(vex_brain.cpp.obj)
                                 0x2d (size before relaxing)
 .rodata.CSWTCH.36
                0x038057a7       0x10 C:\Program Files (x86)\VEX Robotics\VEXcode Pro V5\sdk/vexv5\libv5rt.a(vex_triport.cpp.obj)
 *fill*         0x038057b7        0x1 
 .rodata._ZTVN3vex7triportE
                0x038057b8       0x18 C:\Program Files (x86)\VEX Robotics\VEXcode Pro V5\sdk/vexv5\libv5rt.a(vex_triport.cpp.obj)
                0x038057b8                vtable for vex::triport
 .rodata.CSWTCH.31
                0x038057d0        0xe C:\Program Files (x86)\VEX Robotics\VEXcode Pro V5\sdk/vexv5\libv5rt.a(vex_triport.cpp.obj)
 *fill*         0x038057de        0x2 
 .rodata._ZTVN3vex10drivetrainE
                0x038057e0       0x24 C:\Program Files (x86)\VEX Robotics\VEXcode Pro V5\sdk/vexv5\libv5rt.a(vex_drivetrain.cpp.obj)
                0x038057e0                vtable for vex::drivetrain
 *fill*         0x03805804        0x4 
 .rodata._ZTVN3vex6deviceE
                0x03805808       0x18 C:\Program Files (x86)\VEX Robotics\VEXcode Pro V5\sdk/vexv5\libv5rt.a(vex_device.cpp.obj)
                0x03805808                vtable for vex::device
 .rodata.str1.4
                0x03805820        0x4 C:\Program Files (x86)\VEX Robotics\VEXcode Pro V5\sdk/vexv5/gcc/libs\libc.a(lib_a-impure.o)
                                  0x2 (size before relaxing)
 *(.gnu.linkonce.r.*)
                0x03805824                __rodata_end = .

.rodata1        0x03805824        0x0
                0x03805824                __rodata1_start = .
 *(.rodata1)
 *(.rodata1.*)
                0x03805824                __rodata1_end = .

.sdata2         0x03805824        0x0
                0x03805824                __sdata2_start = .
 *(.sdata2)
 *(.sdata2.*)
 *(.gnu.linkonce.s2.*)
                0x03805824                __sdata2_end = .

.sbss2          0x03805824        0x0
                0x03805824                __sbss2_start = .
 *(.sbss2)
 *(.sbss2.*)
 *(.gnu.linkonce.sb2.*)
                0x03805824                __sbss2_end = .

.data           0x03805828      0x474
                0x03805828                __data_start = .
 *(.data)
 *(.data.*)
 .data.kP       0x03805828        0x8 build/src/VEXmath.o
                0x03805828                kP
 .data.kD       0x03805830        0x8 build/src/VEXmath.o
                0x03805830                kD
 .data.wheelDia
                0x03805838        0x4 build/src/VEXmath.o
                0x03805838                wheelDia
 .data.gearRatio
                0x0380583c        0x4 build/src/VEXmath.o
                0x0380583c                gearRatio
 .data.width    0x03805840        0x4 build/src/VEXmath.o
                0x03805840                width
 *fill*         0x03805844        0x4 
 .data.turnKp   0x03805848        0x8 build/src/VEXmath.o
                0x03805848                turnKp
 .data.sonar_kP
                0x03805850        0x8 build/src/VEXmath.o
                0x03805850                sonar_kP
 .data.degreeCounter
                0x03805858        0x4 build/src/auto.o
                0x03805858                degreeCounter
 .data.previous_average
                0x0380585c        0x4 build/src/auto.o
                0x0380585c                previous_average
 .data.RemoteControlCodeEnabled
                0x03805860        0x1 build/src/controls.o
                0x03805860                RemoteControlCodeEnabled
 .data.Controller1R1R2ButtonsControlMotorsStopped
                0x03805861        0x1 build/src/controls.o
                0x03805861                Controller1R1R2ButtonsControlMotorsStopped
 *fill*         0x03805862        0x2 
 .data.appRunning
                0x03805864        0x4 C:\Program Files (x86)\VEX Robotics\VEXcode Pro V5\sdk/vexv5\libv5rt.a(v5_startup.c.obj)
                0x03805864                appRunning
 .data._ZN3vex24__default_motor_velocityE
                0x03805868        0x4 C:\Program Files (x86)\VEX Robotics\VEXcode Pro V5\sdk/vexv5\libv5rt.a(vex_motor.cpp.obj)
                0x03805868                vex::__default_motor_velocity
 *fill*         0x0380586c        0x4 
 .data.impure_data
                0x03805870      0x428 C:\Program Files (x86)\VEX Robotics\VEXcode Pro V5\sdk/vexv5/gcc/libs\libc.a(lib_a-impure.o)
 .data._impure_ptr
                0x03805c98        0x4 C:\Program Files (x86)\VEX Robotics\VEXcode Pro V5\sdk/vexv5/gcc/libs\libc.a(lib_a-impure.o)
                0x03805c98                _impure_ptr
 *(.gnu.linkonce.d.*)
 *(.jcr)
 *(.got)
 *(.got.plt)
                0x03805c9c                __data_end = .

.igot.plt       0x03805c9c        0x0
 .igot.plt      0x00000000        0x0 build/src/main.o

.data1          0x03805c9c        0x0
                0x03805c9c                __data1_start = .
 *(.data1)
 *(.data1.*)
                0x03805c9c                __data1_end = .

.got
 *(.got)

.ctors          0x03805c9c        0x0
                0x03805c9c                __CTOR_LIST__ = .
                0x03805c9c                ___CTORS_LIST___ = .
 *crtbegin.o(.ctors)
 *(EXCLUDE_FILE(*crtend.o) .ctors)
 *(SORT(.ctors.*))
 *(.ctors)
                0x03805c9c                __CTOR_END__ = .
                0x03805c9c                ___CTORS_END___ = .

.dtors          0x03805c9c        0x0
                0x03805c9c                __DTOR_LIST__ = .
                0x03805c9c                ___DTORS_LIST___ = .
 *crtbegin.o(.dtors)
 *(EXCLUDE_FILE(*crtend.o) .dtors)
 *(SORT(.dtors.*))
 *(.dtors)
                0x03805c9c                __DTOR_END__ = .
                0x03805c9c                ___DTORS_END___ = .

.fixup          0x03805c9c        0x0
                0x03805c9c                __fixup_start = .
 *(.fixup)
                0x03805c9c                __fixup_end = .

.eh_frame
 *(.eh_frame)

.eh_framehdr    0x03805c9c        0x0
                0x03805c9c                __eh_framehdr_start = .
 *(.eh_framehdr)
                0x03805c9c                __eh_framehdr_end = .

.gcc_except_table
 *(.gcc_except_table)

.mmu_tbl        0x03808000        0x0
                0x03808000                __mmu_tbl_start = .
 *(.mmu_tbl)
                0x03808000                __mmu_tbl_end = .

.ARM.exidx      0x03805c9c        0x8
                0x03805c9c                __exidx_start = .
 *(.ARM.exidx*)
 .ARM.exidx.text._Z10autonomousv
                0x03805c9c        0x8 build/src/main.o
 .ARM.exidx.text._Z11usercontrolv
                0x03805ca4        0x0 build/src/main.o
                                  0x8 (size before relaxing)
 .ARM.exidx.text.main
                0x03805ca4        0x0 build/src/main.o
                                  0x8 (size before relaxing)
 .ARM.exidx.text._GLOBAL__sub_I_main.cpp
                0x03805ca4        0x0 build/src/main.o
                                  0x8 (size before relaxing)
 .ARM.exidx.text._Z14adjusted_anglef
                0x03805ca4        0x0 build/src/VEXmath.o
                                  0x8 (size before relaxing)
 .ARM.exidx.text._Z17inches_to_degreesd
                0x03805ca4        0x0 build/src/VEXmath.o
                                  0x8 (size before relaxing)
 .ARM.exidx.text._Z17degrees_to_inchesd
                0x03805ca4        0x0 build/src/VEXmath.o
                                  0x8 (size before relaxing)
 .ARM.exidx.text._Z10checkTimeri
                0x03805ca4        0x0 build/src/VEXmath.o
                                  0x8 (size before relaxing)
 .ARM.exidx.text._GLOBAL__sub_I_VEXmath.cpp
                0x03805ca4        0x0 build/src/VEXmath.o
                                  0x8 (size before relaxing)
 .ARM.exidx.text._Z8drivePIDfdd
                0x03805ca4        0x0 build/src/auto.o
                                  0x8 (size before relaxing)
 .ARM.exidx.text._ZN3vex10controller3lcd5printIfEEvT_
                0x03805ca4        0x0 build/src/auto.o
                                  0x8 (size before relaxing)
 .ARM.exidx.text._Z13ultraSonicPIDv
                0x03805ca4        0x0 build/src/auto.o
                                  0x8 (size before relaxing)
 .ARM.exidx.text._Z9lift_autof
                0x03805ca4        0x0 build/src/auto.o
                                  0x8 (size before relaxing)
 .ARM.exidx.text._Z8routine0v
                0x03805ca4        0x0 build/src/auto.o
                                  0x8 (size before relaxing)
 .ARM.exidx.text._Z8grabGoalv
                0x03805ca4        0x0 build/src/auto.o
                                  0x8 (size before relaxing)
 .ARM.exidx.text._Z12intake_ringsv
                0x03805ca4        0x0 build/src/auto.o
                                  0x8 (size before relaxing)
 .ARM.exidx.text._Z12auto_routinev
                0x03805ca4        0x0 build/src/auto.o
                                  0x8 (size before relaxing)
 .ARM.exidx.text._Z15distance_sensorv
                0x03805ca4        0x0 build/src/controls.o
                                  0x8 (size before relaxing)
 .ARM.exidx.text._Z13_arcadeDrive_v
                0x03805ca4        0x0 build/src/controls.o
                                  0x8 (size before relaxing)
 .ARM.exidx.text._Z13_reverseSLOW_v
                0x03805ca4        0x0 build/src/controls.o
                                  0x8 (size before relaxing)
 .ARM.exidx.text._Z8_intake_v
                0x03805ca4        0x0 build/src/controls.o
                                  0x8 (size before relaxing)
 .ARM.exidx.text._Z12_intakeSLOW_v
                0x03805ca4        0x0 build/src/controls.o
                                  0x8 (size before relaxing)
 .ARM.exidx.text._Z18_intake_increment_v
                0x03805ca4        0x0 build/src/controls.o
                                  0x8 (size before relaxing)
 .ARM.exidx.text._Z11intake_initv
                0x03805ca4        0x0 build/src/controls.o
                                  0x8 (size before relaxing)
 .ARM.exidx.text._Z9_armLift_v
                0x03805ca4        0x0 build/src/controls.o
                                  0x8 (size before relaxing)
 .ARM.exidx.text._Z14init_callbacksv
                0x03805ca4        0x0 build/src/controls.o
                                  0x8 (size before relaxing)
 .ARM.exidx.text._Z12task_managerv
                0x03805ca4        0x0 build/src/controls.o
                                  0x8 (size before relaxing)
 .ARM.exidx.text._Z15resetDrivetrainv
                0x03805ca4        0x0 build/src/robot-config.o
                                  0x8 (size before relaxing)
 .ARM.exidx.text._Z11vexcodeInitv
                0x03805ca4        0x0 build/src/robot-config.o
                                  0x8 (size before relaxing)
 .ARM.exidx.text._GLOBAL__sub_I_robot_config.cpp
                0x03805ca4        0x0 build/src/robot-config.o
                                  0x8 (size before relaxing)
 .ARM.exidx.text._Z8PIDwritedddiffff
                0x03805ca4        0x0 build/src/fileManager.o
                                  0x8 (size before relaxing)
 .ARM.exidx.text._GLOBAL__sub_I_fileManager.cpp
                0x03805ca4        0x0 build/src/fileManager.o
                                  0x8 (size before relaxing)
 *(.gnu.linkonce.armexidix.*.*)
                0x03805ca4                __exidx_end = .

.rel.dyn        0x03805ca4        0x0
 .rel.iplt      0x00000000        0x0 build/src/main.o

.preinit_array  0x03805ca4        0x0
                0x03805ca4                __preinit_array_start = .
 *(SORT(.preinit_array.*))
 *(.preinit_array)
                0x03805ca4                __preinit_array_end = .

.init_array     0x03805ca4       0x18
                0x03805ca4                __init_array_start = .
 *(SORT(.init_array.*))
 *(.init_array)
 .init_array    0x03805ca4        0x4 build/src/main.o
 .init_array    0x03805ca8        0x4 build/src/VEXmath.o
 .init_array    0x03805cac        0x4 build/src/robot-config.o
 .init_array    0x03805cb0        0x4 build/src/fileManager.o
 .init_array    0x03805cb4        0x4 C:\Program Files (x86)\VEX Robotics\VEXcode Pro V5\sdk/vexv5\libv5rt.a(vex_triport.cpp.obj)
 .init_array    0x03805cb8        0x4 C:\Program Files (x86)\VEX Robotics\VEXcode Pro V5\sdk/vexv5\libv5rt.a(vex_color.cpp.obj)
                0x03805cbc                __init_array_end = .

.fini_array     0x03805cbc        0x0
                0x03805cbc                __fini_array_start = .
 *(SORT(.fini_array.*))
 *(.fini_array)
                0x03805cbc                __fini_array_end = .

.ARM.attributes
                0x03805cbc       0x3c
                0x03805cbc                __ARM.attributes_start = .
 *(.ARM.attributes)
 .ARM.attributes
                0x03805cbc       0x3a build/src/main.o
 .ARM.attributes
                0x03805cf6       0x3a build/src/VEXmath.o
 .ARM.attributes
                0x03805d30       0x3a build/src/auto.o
 .ARM.attributes
                0x03805d6a       0x3a build/src/controls.o
 .ARM.attributes
                0x03805da4       0x3a build/src/robot-config.o
 .ARM.attributes
                0x03805dde       0x3a build/src/fileManager.o
 .ARM.attributes
                0x03805e18       0x35 C:\Program Files (x86)\VEX Robotics\VEXcode Pro V5\sdk/vexv5\libv5rt.a(v5_startup.c.obj)
 .ARM.attributes
                0x03805e4d       0x35 C:\Program Files (x86)\VEX Robotics\VEXcode Pro V5\sdk/vexv5\libv5rt.a(v5_util.c.obj)
 .ARM.attributes
                0x03805e82       0x35 C:\Program Files (x86)\VEX Robotics\VEXcode Pro V5\sdk/vexv5\libv5rt.a(v5_apijump.c.obj)
 .ARM.attributes
                0x03805eb7       0x35 C:\Program Files (x86)\VEX Robotics\VEXcode Pro V5\sdk/vexv5\libv5rt.a(v5_apiversions.c.obj)
 .ARM.attributes
                0x03805eec       0x35 C:\Program Files (x86)\VEX Robotics\VEXcode Pro V5\sdk/vexv5\libv5rt.a(vex_global.cpp.obj)
 .ARM.attributes
                0x03805f21       0x35 C:\Program Files (x86)\VEX Robotics\VEXcode Pro V5\sdk/vexv5\libv5rt.a(vex_motor.cpp.obj)
 .ARM.attributes
                0x03805f56       0x35 C:\Program Files (x86)\VEX Robotics\VEXcode Pro V5\sdk/vexv5\libv5rt.a(vex_controller.cpp.obj)
 .ARM.attributes
                0x03805f8b       0x35 C:\Program Files (x86)\VEX Robotics\VEXcode Pro V5\sdk/vexv5\libv5rt.a(vex_task.cpp.obj)
 .ARM.attributes
                0x03805fc0       0x35 C:\Program Files (x86)\VEX Robotics\VEXcode Pro V5\sdk/vexv5\libv5rt.a(vex_thread.cpp.obj)
 .ARM.attributes
                0x03805ff5       0x35 C:\Program Files (x86)\VEX Robotics\VEXcode Pro V5\sdk/vexv5\libv5rt.a(vex_event.cpp.obj)
 .ARM.attributes
                0x0380602a       0x35 C:\Program Files (x86)\VEX Robotics\VEXcode Pro V5\sdk/vexv5\libv5rt.a(vex_mevent.cpp.obj)
 .ARM.attributes
                0x0380605f       0x35 C:\Program Files (x86)\VEX Robotics\VEXcode Pro V5\sdk/vexv5\libv5rt.a(vex_brain.cpp.obj)
 .ARM.attributes
                0x03806094       0x35 C:\Program Files (x86)\VEX Robotics\VEXcode Pro V5\sdk/vexv5\libv5rt.a(vex_competition.cpp.obj)
 .ARM.attributes
                0x038060c9       0x35 C:\Program Files (x86)\VEX Robotics\VEXcode Pro V5\sdk/vexv5\libv5rt.a(vex_triport.cpp.obj)
 .ARM.attributes
                0x038060fe       0x35 C:\Program Files (x86)\VEX Robotics\VEXcode Pro V5\sdk/vexv5\libv5rt.a(vex_color.cpp.obj)
 .ARM.attributes
                0x03806133       0x35 C:\Program Files (x86)\VEX Robotics\VEXcode Pro V5\sdk/vexv5\libv5rt.a(vex_timer.cpp.obj)
 .ARM.attributes
                0x03806168       0x35 C:\Program Files (x86)\VEX Robotics\VEXcode Pro V5\sdk/vexv5\libv5rt.a(vex_motorgroup.cpp.obj)
 .ARM.attributes
                0x0380619d       0x35 C:\Program Files (x86)\VEX Robotics\VEXcode Pro V5\sdk/vexv5\libv5rt.a(vex_drivetrain.cpp.obj)
 .ARM.attributes
                0x038061d2       0x35 C:\Program Files (x86)\VEX Robotics\VEXcode Pro V5\sdk/vexv5\libv5rt.a(v5_apiuser.c.obj)
 .ARM.attributes
                0x03806207       0x35 C:\Program Files (x86)\VEX Robotics\VEXcode Pro V5\sdk/vexv5\libv5rt.a(vex_device.cpp.obj)
 .ARM.attributes
                0x0380623c       0x2b C:\Program Files (x86)\VEX Robotics\VEXcode Pro V5\sdk/vexv5/gcc/libs\libc.a(lib_a-fini.o)
 .ARM.attributes
                0x03806267       0x2b C:\Program Files (x86)\VEX Robotics\VEXcode Pro V5\sdk/vexv5/gcc/libs\libc.a(lib_a-impure.o)
 .ARM.attributes
                0x03806292       0x2b C:\Program Files (x86)\VEX Robotics\VEXcode Pro V5\sdk/vexv5/gcc/libs\libc.a(lib_a-init.o)
 .ARM.attributes
                0x038062bd       0x2b C:\Program Files (x86)\VEX Robotics\VEXcode Pro V5\sdk/vexv5/gcc/libs\libc.a(lib_a-memcpy.o)
                0x038062e8                __ARM.attributes_end = .

.sdata          0x03805cbc        0x0
                0x03805cbc                __sdata_start = .
 *(.sdata)
 *(.sdata.*)
 *(.gnu.linkonce.s.*)
                0x03805cbc                __sdata_end = .

.sbss           0x03805cbc        0x0
                0x03805cbc                __sbss_start = .
 *(.sbss)
 *(.sbss.*)
 *(.gnu.linkonce.sb.*)
                0x03805cbc                __sbss_end = .

.tdata          0x03805cbc        0x0
                0x03805cbc                __tdata_start = .
 *(.tdata)
 *(.tdata.*)
 *(.gnu.linkonce.td.*)
                0x03805cbc                __tdata_end = .

.tbss           0x03805cbc        0x0
                0x03805cbc                __tbss_start = .
 *(.tbss)
 *(.tbss.*)
 *(.gnu.linkonce.tb.*)
                0x03805cbc                __tbss_end = .

.bss            0x03805cc0      0xa8c
                0x03805cc0                __bss_start = .
 *(.bss)
 *(.bss.*)
 .bss.autonoumous_active
                0x03805cc0        0x1 build/src/main.o
                0x03805cc0                autonoumous_active
 *fill*         0x03805cc1        0x3 
 .bss.Competition
                0x03805cc4       0x28 build/src/main.o
                0x03805cc4                Competition
 *fill*         0x03805cec        0x4 
 .bss.kI        0x03805cf0        0x8 build/src/VEXmath.o
                0x03805cf0                kI
 .bss.circumference
                0x03805cf8        0x8 build/src/VEXmath.o
                0x03805cf8                circumference
 .bss.inches_deg
                0x03805d00        0x8 build/src/VEXmath.o
                0x03805d00                inches_deg
 .bss.degrees_inch
                0x03805d08        0x8 build/src/VEXmath.o
                0x03805d08                degrees_inch
 .bss.turnKd    0x03805d10        0x8 build/src/VEXmath.o
                0x03805d10                turnKd
 .bss.turnKi    0x03805d18        0x8 build/src/VEXmath.o
                0x03805d18                turnKi
 .bss.sonar_kD  0x03805d20        0x8 build/src/VEXmath.o
                0x03805d20                sonar_kD
 .bss.sonar_kI  0x03805d28        0x8 build/src/VEXmath.o
                0x03805d28                sonar_kI
 .bss.t1        0x03805d30        0x4 build/src/VEXmath.o
                0x03805d30                t1
 .bss.timer1    0x03805d34        0x8 build/src/VEXmath.o
                0x03805d34                timer1
 .bss.motor_flipped
                0x03805d3c        0x1 build/src/auto.o
                0x03805d3c                motor_flipped
 *fill*         0x03805d3d        0x3 
 .bss.counter   0x03805d40        0x4 build/src/auto.o
                0x03805d40                counter
 .bss.complete  0x03805d44        0x1 build/src/auto.o
                0x03805d44                complete
 *fill*         0x03805d45        0x3 
 .bss.prevError
                0x03805d48        0x4 build/src/auto.o
                0x03805d48                prevError
 .bss.derivative
                0x03805d4c        0x4 build/src/auto.o
                0x03805d4c                derivative
 .bss.totalError
                0x03805d50        0x4 build/src/auto.o
                0x03805d50                totalError
 .bss.turnError
                0x03805d54        0x4 build/src/auto.o
                0x03805d54                turnError
 .bss.prevTurnError
                0x03805d58        0x4 build/src/auto.o
                0x03805d58                prevTurnError
 .bss.turnDerivative
                0x03805d5c        0x4 build/src/auto.o
                0x03805d5c                turnDerivative
 .bss.r1        0x03805d60        0x4 build/src/auto.o
                0x03805d60                r1
 .bss.state     0x03805d64        0x1 build/src/controls.o
                0x03805d64                state
 .bss.latch     0x03805d65        0x1 build/src/controls.o
                0x03805d65                latch
 .bss.drive_state
                0x03805d66        0x1 build/src/controls.o
                0x03805d66                drive_state
 .bss.DBG       0x03805d67        0x1 build/src/controls.o
                0x03805d67                DBG
 .bss.position  0x03805d68        0x4 build/src/controls.o
                0x03805d68                position
 .bss.Brain     0x03805d6c      0x2bc build/src/robot-config.o
                0x03805d6c                Brain
 .bss.Controller1
                0x03806028      0x1e0 build/src/robot-config.o
                0x03806028                Controller1
 .bss.leftMotorA
                0x03806208       0x24 build/src/robot-config.o
                0x03806208                leftMotorA
 .bss.leftMotorB
                0x0380622c       0x24 build/src/robot-config.o
                0x0380622c                leftMotorB
 .bss.LeftDriveSmart
                0x03806250       0x48 build/src/robot-config.o
                0x03806250                LeftDriveSmart
 .bss.rightMotorA